[run_lab_cpp] USE_CPP_CORE = True  (SIGUSR1 -> thread dump armed)
LocalMapping: background thread started
================================================================================
Final RGB-D ORB-SLAM run
================================================================================
Dataset:             /home/kaushik/slam_ws/datasets/lab_rgbd_run_2
Dataset type:        lab_rgbd
Output:              /home/kaushik/slam_ws/visual_slam/reference_audit/checkpoint_2_42_full_lab_native_triangulated_point_batch_threaded_20260608/run
Frames loaded:       4494
Camera source:       /home/kaushik/slam_ws/datasets/lab_rgbd_run_2/camera.yaml
Camera intrinsics:   fx=609.883, fy=609.177, cx=324.921, cy=229.748
Image size:          640x480
Depth map factor:    1000.0
Depth factor:        0.001
Baseline (m):        0.08 [default_rgbd_virtual_baseline_0p08m]
Depth threshold:     40.0 [default_th_depth_40]
bf:                  48.790664062480005
Feature backend:     auto
Loop closing:        disabled
Loop cand source:    auto
Global BA:           disabled
LM threading:        enabled (wait=0.5s)
Memory profile:      disabled (cheap)
Runtime profile:     enabled
Local map profile:   enabled
Keyframe profile:    enabled
================================================================================
[0001/4494] idx=00000 state=OK ok=True kf=1 mp=427 tracked=427 ba_mse=NA frame_sec=0.372
local mapping: starting...
local mapping elapsed time: 0.2693796157836914
local mapping: starting...
local mapping elapsed time: 0.34195804595947266
local mapping: starting...
local mapping elapsed time: 0.37723588943481445
local mapping: starting...
LocalMapping: timeout 0.5s reached
local mapping elapsed time: 0.552112340927124
local mapping: starting...
local mapping elapsed time: 0.4791402816772461
local mapping: starting...
LocalMapping: timeout 0.5s reached
local mapping elapsed time: 0.8935363292694092
local mapping: starting...
local mapping elapsed time: 0.39377522468566895
local mapping: starting...
local mapping elapsed time: 0.45886683464050293
local mapping: starting...
local mapping elapsed time: 0.5160715579986572
local mapping: starting...
local mapping elapsed time: 0.5217509269714355
local mapping: starting...
local mapping elapsed time: 0.49280238151550293
local mapping: starting...
local mapping elapsed time: 0.5035655498504639
local mapping: starting...
local mapping elapsed time: 0.5098919868469238
local mapping: starting...
local mapping elapsed time: 0.492764949798584
[0301/4494] idx=00300 state=OK ok=True kf=3 mp=1507 tracked=502 ba_mse=0.18328815146761004 frame_sec=0.136
local mapping: starting...
LocalMapping: timeout 0.5s reached
local mapping elapsed time: 0.8283805847167969
local mapping: starting...
local mapping elapsed time: 0.6701536178588867
local mapping: starting...
local mapping elapsed time: 0.479860782623291
local mapping: starting...
local mapping elapsed time: 0.6476683616638184
LocalMapping: timeout 0.5s reached
local mapping: starting...
local mapping elapsed time: 0.6379408836364746
local mapping: starting...
LocalMapping: timeout 0.5s reached
local mapping elapsed time: 0.7445909976959229
local mapping: starting...
local mapping elapsed time: 0.36116671562194824
local mapping: starting...
local mapping elapsed time: 0.41544342041015625
local mapping: starting...
local mapping elapsed time: 0.39311718940734863
local mapping: starting...
local mapping elapsed time: 0.5448648929595947
local mapping: starting...
local mapping elapsed time: 0.35757875442504883
local mapping: starting...
local mapping elapsed time: 0.40736913681030273
local mapping: starting...
local mapping elapsed time: 0.5727505683898926
local mapping: starting...
local mapping elapsed time: 0.5209250450134277
local mapping: starting...
LocalMapping: timeout 0.5s reached
local mapping elapsed time: 0.6382443904876709
local mapping: starting...
LocalMapping: timeout 0.5s reached
local mapping elapsed time: 0.6323277950286865
[0601/4494] idx=00600 state=OK ok=True kf=11 mp=3745 tracked=127 ba_mse=2.147765088313152 frame_sec=0.052
local mapping: starting...
local mapping elapsed time: 0.5606439113616943
local mapping: starting...
LocalMapping: timeout 0.5s reached
local mapping elapsed time: 1.0335886478424072
local mapping: starting...
local mapping elapsed time: 0.5198962688446045
local mapping: starting...
local mapping elapsed time: 0.5229320526123047
local mapping: starting...
local mapping elapsed time: 0.3493838310241699
local mapping: starting...
local mapping elapsed time: 0.43629908561706543
local mapping: starting...
local mapping elapsed time: 0.31652259826660156
local mapping: starting...
local mapping elapsed time: 0.43475341796875
local mapping: starting...
local mapping elapsed time: 0.5782201290130615
local mapping: starting...
local mapping elapsed time: 0.40839147567749023
local mapping: starting...
local mapping elapsed time: 0.47075772285461426
local mapping: starting...
local mapping elapsed time: 0.4693431854248047
local mapping: starting...
local mapping elapsed time: 0.5362207889556885
local mapping: starting...
local mapping elapsed time: 0.4657111167907715
local mapping: starting...
local mapping elapsed time: 0.4861326217651367
local mapping: starting...
local mapping elapsed time: 0.5748066902160645
local mapping: starting...
local mapping elapsed time: 0.5747871398925781
local mapping: starting...
local mapping elapsed time: 0.4895772933959961
local mapping: starting...
local mapping elapsed time: 0.6331171989440918
local mapping: starting...
LocalMapping: timeout 0.5s reached
local mapping elapsed time: 0.8842287063598633
local mapping: starting...
LocalMapping: timeout 0.5s reached
local mapping elapsed time: 0.8009369373321533
[0901/4494] idx=00900 state=OK ok=True kf=22 mp=5718 tracked=208 ba_mse=1.3255551783143533 frame_sec=0.091
local mapping: starting...
LocalMapping: timeout 0.5s reached
local mapping elapsed time: 0.6596517562866211
local mapping: starting...
LocalMapping: timeout 0.5s reached
local mapping elapsed time: 1.0515828132629395
local mapping: starting...
LocalMapping: timeout 0.5s reached
local mapping elapsed time: 0.9609322547912598
local mapping: starting...
LocalMapping: timeout 0.5s reached
local mapping elapsed time: 0.9173898696899414
local mapping: starting...
LocalMapping: timeout 0.5s reached
local mapping elapsed time: 0.8327596187591553
local mapping: starting...
LocalMapping: timeout 0.5s reached
local mapping elapsed time: 0.9446628093719482
local mapping: starting...
LocalMapping: timeout 0.5s reached
local mapping elapsed time: 0.9125576019287109
local mapping: starting...
local mapping elapsed time: 0.5300161838531494
local mapping: starting...
local mapping elapsed time: 0.4671809673309326
local mapping: starting...
local mapping elapsed time: 0.24420857429504395
local mapping: starting...
local mapping elapsed time: 0.32277989387512207
local mapping: starting...
local mapping elapsed time: 0.3783724308013916
local mapping: starting...
local mapping elapsed time: 0.4418661594390869
local mapping: starting...
local mapping elapsed time: 0.46113109588623047
local mapping: starting...
local mapping elapsed time: 0.3912336826324463
local mapping: starting...
local mapping elapsed time: 0.4098050594329834
local mapping: starting...
local mapping elapsed time: 0.44810009002685547
local mapping: starting...
local mapping elapsed time: 0.5554099082946777
[1201/4494] idx=01200 state=OK ok=True kf=38 mp=9790 tracked=239 ba_mse=1.3474570464991278 frame_sec=0.062
local mapping: starting...
LocalMapping: timeout 0.5s reached
local mapping elapsed time: 0.7485692501068115
local mapping: starting...
LocalMapping: timeout 0.5s reached
local mapping elapsed time: 0.7769351005554199
local mapping: starting...
LocalMapping: timeout 0.5s reached
local mapping elapsed time: 0.72713303565979
local mapping: starting...
LocalMapping: timeout 0.5s reached
local mapping elapsed time: 0.6945672035217285
local mapping: starting...
LocalMapping: timeout 0.5s reached
local mapping elapsed time: 0.7739088535308838
local mapping: starting...
local mapping elapsed time: 0.5888979434967041
local mapping: starting...
local mapping elapsed time: 0.5613341331481934
local mapping: starting...
local mapping elapsed time: 0.5683567523956299
local mapping: starting...
LocalMapping: timeout 0.5s reached
local mapping elapsed time: 0.6878788471221924
local mapping: starting...
local mapping elapsed time: 0.46596479415893555
local mapping: starting...
local mapping elapsed time: 0.6506087779998779
local mapping: starting...
LocalMapping: timeout 0.5s reached
local mapping elapsed time: 0.9917514324188232
local mapping: starting...
local mapping elapsed time: 0.4853496551513672
local mapping: starting...
local mapping elapsed time: 0.4642927646636963
local mapping: starting...
local mapping elapsed time: 0.5318753719329834
local mapping: starting...
local mapping elapsed time: 0.5238440036773682
local mapping: starting...
LocalMapping: timeout 0.5s reached
local mapping elapsed time: 0.6845195293426514
local mapping: starting...
local mapping elapsed time: 0.4908156394958496
local mapping: starting...
LocalMapping: timeout 0.5s reached
local mapping elapsed time: 1.0804226398468018
[1501/4494] idx=01500 state=OK ok=True kf=49 mp=13006 tracked=193 ba_mse=1.748336173229829 frame_sec=0.124
local mapping: starting...
LocalMapping: timeout 0.5s reached
local mapping elapsed time: 1.163053035736084
local mapping: starting...
LocalMapping: timeout 0.5s reached
local mapping elapsed time: 1.0782933235168457
local mapping: starting...
LocalMapping: timeout 0.5s reached
local mapping elapsed time: 0.9504361152648926
local mapping: starting...
LocalMapping: timeout 0.5s reached
local mapping elapsed time: 0.8925142288208008
local mapping: starting...
local mapping elapsed time: 0.4411482810974121
local mapping: starting...
local mapping elapsed time: 0.5492887496948242
local mapping: starting...
local mapping elapsed time: 0.4227182865142822
local mapping: starting...
local mapping elapsed time: 0.37157464027404785
local mapping: starting...
local mapping elapsed time: 0.424663782119751
local mapping: starting...
local mapping elapsed time: 0.3738071918487549
local mapping: starting...
local mapping elapsed time: 0.32056570053100586
local mapping: starting...
local mapping elapsed time: 0.23779606819152832
local mapping: starting...
local mapping elapsed time: 0.30582165718078613
local mapping: starting...
local mapping elapsed time: 0.2208881378173828
local mapping: starting...
local mapping elapsed time: 0.21712899208068848
local mapping: starting...
local mapping elapsed time: 0.22381591796875
local mapping: starting...
local mapping elapsed time: 0.2656373977661133
local mapping: starting...
local mapping elapsed time: 0.32579803466796875
local mapping: starting...
local mapping elapsed time: 0.41627049446105957
local mapping: starting...
local mapping elapsed time: 0.31690216064453125
local mapping: starting...
failure in tracking previous frame, # matched map points: 41
local mapping elapsed time: 0.3570683002471924
local mapping: starting...
local mapping elapsed time: 0.2918884754180908
local mapping: starting...
local mapping elapsed time: 0.33133745193481445
local mapping: starting...
local mapping elapsed time: 0.3646972179412842
local mapping: starting...
local mapping elapsed time: 0.35115599632263184
local mapping: starting...
local mapping elapsed time: 0.3654510974884033
local mapping: starting...
local mapping elapsed time: 0.33039188385009766
local mapping: starting...
local mapping elapsed time: 0.34920740127563477
local mapping: starting...
local mapping elapsed time: 0.2932286262512207
local mapping: starting...
local mapping elapsed time: 0.2939910888671875
local mapping: starting...
local mapping elapsed time: 0.36827969551086426
local mapping: starting...
local mapping elapsed time: 0.2889125347137451
local mapping: starting...
local mapping elapsed time: 0.3050704002380371
local mapping: starting...
local mapping elapsed time: 0.4089815616607666
local mapping: starting...
local mapping elapsed time: 0.4870765209197998
local mapping: starting...
LocalMapping: timeout 0.5s reached
local mapping elapsed time: 0.614255428314209
local mapping: starting...
LocalMapping: timeout 0.5s reached
local mapping elapsed time: 0.6486282348632812
local mapping: starting...
LocalMapping: timeout 0.5s reached
local mapping elapsed time: 0.6479356288909912
local mapping: starting...
local mapping elapsed time: 0.48119258880615234
[1801/4494] idx=01800 state=OK ok=True kf=80 mp=16207 tracked=444 ba_mse=1.1036312452424548 frame_sec=0.513
local mapping: starting...
local mapping elapsed time: 0.4842960834503174
local mapping: starting...
local mapping elapsed time: 0.46947288513183594
local mapping: starting...
local mapping elapsed time: 0.5657503604888916
local mapping: starting...
LocalMapping: timeout 0.5s reached
local mapping elapsed time: 0.8549237251281738
local mapping: starting...
local mapping elapsed time: 0.749596357345581
local mapping: starting...
LocalMapping: timeout 0.5s reached
local mapping elapsed time: 0.6437575817108154
local mapping: starting...
LocalMapping: timeout 0.5s reached
local mapping elapsed time: 0.5647468566894531
local mapping: starting...
local mapping elapsed time: 0.4964332580566406
local mapping: starting...
local mapping elapsed time: 0.524651288986206
local mapping: starting...
local mapping elapsed time: 0.5652990341186523
LocalMapping: timeout 0.5s reached
local mapping: starting...
local mapping elapsed time: 0.4925119876861572
local mapping: starting...
local mapping elapsed time: 0.5357885360717773
Relocalizing frame id: 1904...
Relocalization failed
Relocalizing frame id: 1905...
Relocalization failed
Relocalizing frame id: 1906...
Relocalization failed
Relocalizing frame id: 1907...
Relocalization failed
Relocalizing frame id: 1908...
Relocalization failed
Relocalizing frame id: 1909...
Relocalization failed
Relocalizing frame id: 1910...
Relocalization failed
Relocalizing frame id: 1911...
Relocalization failed
Relocalizing frame id: 1912...
Relocalization failed
Relocalizing frame id: 1913...
Relocalization failed
Relocalizing frame id: 1914...
Relocalization failed
Relocalizing frame id: 1915...
Relocalization failed
Relocalizing frame id: 1916...
Relocalization failed
Relocalizing frame id: 1917...
Relocalization failed
Relocalizing frame id: 1918...
Relocalization failed
Relocalizing frame id: 1919...
Relocalization failed
Relocalizing frame id: 1920...
Relocalization failed
Relocalizing frame id: 1921...
Relocalization failed
Relocalizing frame id: 1922...
Relocalization failed
Relocalizing frame id: 1923...
Relocalization failed
Relocalizing frame id: 1924...
Relocalization failed
Relocalizing frame id: 1925...
Relocalization failed
Relocalizing frame id: 1926...
Relocalization failed
Relocalizing frame id: 1927...
Relocalization failed
Relocalizing frame id: 1928...
Relocalization failed
Relocalizing frame id: 1929...
Relocalization failed
Relocalizing frame id: 1930...
Relocalization failed
Relocalizing frame id: 1931...
Relocalization failed
Relocalizing frame id: 1932...
Relocalization failed
Relocalizing frame id: 1933...
Relocalization failed
[recovery] re-initialized from depth at frame 1933 after 30 failed relocalizations
local mapping: starting...
local mapping elapsed time: 0.028896331787109375
local mapping: starting...
local mapping elapsed time: 0.03941154479980469
local mapping: starting...
local mapping elapsed time: 0.04475283622741699
local mapping: starting...
local mapping elapsed time: 0.10504865646362305
local mapping: starting...
local mapping elapsed time: 0.05213022232055664
local mapping: starting...
local mapping elapsed time: 0.06151080131530762
local mapping: starting...
local mapping elapsed time: 0.06521368026733398
local mapping: starting...
local mapping elapsed time: 0.08409571647644043
Not enough matches in search frame by projection: 19
Relocalizing frame id: 1951...
Relocalization failed
Relocalizing frame id: 1952...
Relocalization failed
Relocalizing frame id: 1953...
Relocalization failed
Relocalizing frame id: 1954...
Relocalization failed
Relocalizing frame id: 1955...
Relocalization failed
Relocalizing frame id: 1956...
Relocalization failed
Relocalizing frame id: 1957...
Relocalization failed
Relocalizing frame id: 1958...
Relocalization failed
Relocalizing frame id: 1959...
Relocalization failed
Relocalizing frame id: 1960...
Relocalization failed
Relocalizing frame id: 1961...
Relocalization failed
Relocalizing frame id: 1962...
Relocalization failed
Relocalizing frame id: 1963...
Relocalization failed
Relocalizing frame id: 1964...
Relocalization failed
Relocalizing frame id: 1965...
Relocalization failed
Relocalizing frame id: 1966...
Relocalization successful, frame id 1966 reconnected to keyframe id 1946
Not enough matches in search frame by projection: 16
Not enough matches in search frame by projection: 15
Not enough matches in search frame by projection: 14
Not enough matches in search frame by projection: 11
Relocalizing frame id: 1981...
Relocalization failed
Relocalizing frame id: 1982...
Relocalization failed
Relocalizing frame id: 1983...
Relocalization failed
Relocalizing frame id: 1984...
Relocalization failed
Relocalizing frame id: 1985...
Relocalization failed
Relocalizing frame id: 1986...
Relocalization failed
Relocalizing frame id: 1987...
Relocalization failed
Relocalizing frame id: 1988...
Relocalization failed
Relocalizing frame id: 1989...
Relocalization failed
Relocalizing frame id: 1990...
Relocalization failed
Relocalizing frame id: 1991...
Relocalization failed
Relocalizing frame id: 1992...
Relocalization failed
Relocalizing frame id: 1993...
Relocalization failed
Relocalizing frame id: 1994...
Relocalization failed
Relocalizing frame id: 1995...
Relocalization failed
Relocalizing frame id: 1996...
Relocalization failed
Relocalizing frame id: 1997...
Relocalization failed
Relocalizing frame id: 1998...
Relocalization failed
Relocalizing frame id: 1999...
Relocalization failed
Relocalizing frame id: 2000...
Relocalization failed
Relocalizing frame id: 2001...
Relocalization failed
Relocalizing frame id: 2002...
Relocalization failed
Relocalizing frame id: 2003...
Relocalization failed
Relocalizing frame id: 2004...
Relocalization failed
Relocalizing frame id: 2005...
Relocalization failed
Relocalizing frame id: 2006...
Relocalization failed
Relocalizing frame id: 2007...
Relocalization failed
Relocalizing frame id: 2008...
Relocalization failed
Relocalizing frame id: 2009...
Relocalization failed
Relocalizing frame id: 2010...
Relocalization failed
[recovery] re-initialized from depth at frame 2010 after 30 failed relocalizations
local mapping: starting...
local mapping elapsed time: 0.3481147289276123
local mapping: starting...
local mapping elapsed time: 0.27765989303588867
local mapping: starting...
local mapping elapsed time: 0.2752876281738281
local mapping: starting...
local mapping elapsed time: 0.3068394660949707
local mapping: starting...
local mapping elapsed time: 0.3378169536590576
[2101/4494] idx=02100 state=OK ok=True kf=100 mp=18974 tracked=306 ba_mse=1.2845974035201695 frame_sec=0.092
local mapping: starting...
local mapping elapsed time: 0.4509453773498535
local mapping: starting...
local mapping elapsed time: 0.5965874195098877
local mapping: starting...
local mapping elapsed time: 0.6046497821807861
local mapping: starting...
LocalMapping: timeout 0.5s reached
local mapping elapsed time: 0.9524815082550049
local mapping: starting...
LocalMapping: timeout 0.5s reached
local mapping elapsed time: 0.7885828018188477
local mapping: starting...
LocalMapping: timeout 0.5s reached
local mapping elapsed time: 0.6682689189910889
local mapping: starting...
LocalMapping: timeout 0.5s reached
local mapping elapsed time: 0.952195405960083
local mapping: starting...
local mapping elapsed time: 0.5937385559082031
local mapping: starting...
local mapping elapsed time: 0.4165017604827881
local mapping: starting...
local mapping elapsed time: 0.7310240268707275
local mapping: starting...
LocalMapping: timeout 0.5s reached
local mapping elapsed time: 1.1302807331085205
local mapping: starting...
LocalMapping: timeout 0.5s reached
local mapping elapsed time: 0.9619810581207275
local mapping: starting...
LocalMapping: timeout 0.5s reached
local mapping elapsed time: 0.9407305717468262
local mapping: starting...
LocalMapping: timeout 0.5s reached
local mapping elapsed time: 1.0701115131378174
local mapping: starting...
LocalMapping: timeout 0.5s reached
local mapping elapsed time: 0.8194437026977539
local mapping: starting...
LocalMapping: timeout 0.5s reached
local mapping elapsed time: 0.8127644062042236
local mapping: starting...
LocalMapping: timeout 0.5s reached
local mapping elapsed time: 0.5446281433105469
local mapping: starting...
LocalMapping: timeout 0.5s reached
local mapping elapsed time: 0.9562513828277588
[2401/4494] idx=02400 state=OK ok=True kf=113 mp=21842 tracked=340 ba_mse=1.1000833267817742 frame_sec=0.349
local mapping: starting...
LocalMapping: timeout 0.5s reached
local mapping elapsed time: 0.989980936050415
local mapping: starting...
LocalMapping: timeout 0.5s reached
local mapping elapsed time: 1.0282764434814453
local mapping: starting...
LocalMapping: timeout 0.5s reached
local mapping elapsed time: 0.879915714263916
local mapping: starting...
LocalMapping: timeout 0.5s reached
local mapping elapsed time: 0.6965973377227783
local mapping: starting...
LocalMapping: timeout 0.5s reached
local mapping elapsed time: 0.5335028171539307
local mapping: starting...
LocalMapping: timeout 0.5s reached
local mapping elapsed time: 0.7848882675170898
local mapping: starting...
LocalMapping: timeout 0.5s reached
local mapping elapsed time: 1.089554786682129
local mapping: starting...
LocalMapping: timeout 0.5s reached
local mapping elapsed time: 0.9640810489654541
local mapping: starting...
LocalMapping: timeout 0.5s reached
local mapping elapsed time: 1.018336534500122
local mapping: starting...
LocalMapping: timeout 0.5s reached
local mapping elapsed time: 0.8045785427093506
local mapping: starting...
LocalMapping: timeout 0.5s reached
local mapping elapsed time: 0.8738963603973389
local mapping: starting...
LocalMapping: timeout 0.5s reached
local mapping elapsed time: 0.9114198684692383
local mapping: starting...
LocalMapping: timeout 0.5s reached
local mapping elapsed time: 1.0079593658447266
local mapping: starting...
LocalMapping: timeout 0.5s reached
local mapping elapsed time: 1.1149969100952148
local mapping: starting...
LocalMapping: timeout 0.5s reached
local mapping elapsed time: 1.1308741569519043
local mapping: starting...
LocalMapping: timeout 0.5s reached
local mapping elapsed time: 0.9895679950714111
[2701/4494] idx=02700 state=OK ok=True kf=118 mp=23591 tracked=166 ba_mse=1.90582513911341 frame_sec=0.150
local mapping: starting...
LocalMapping: timeout 0.5s reached
local mapping elapsed time: 0.9551815986633301
local mapping: starting...
LocalMapping: timeout 0.5s reached
local mapping elapsed time: 1.090576410293579
local mapping: starting...
LocalMapping: timeout 0.5s reached
local mapping elapsed time: 0.8745555877685547
local mapping: starting...
local mapping elapsed time: 0.5970492362976074
local mapping: starting...
local mapping elapsed time: 0.4801514148712158
local mapping: starting...
local mapping elapsed time: 0.4175138473510742
local mapping: starting...
local mapping elapsed time: 0.5264177322387695
local mapping: starting...
local mapping elapsed time: 0.5216481685638428
local mapping: starting...
local mapping elapsed time: 0.5731055736541748
local mapping: starting...
local mapping elapsed time: 0.45433950424194336
local mapping: starting...
local mapping elapsed time: 0.5319597721099854
local mapping: starting...
local mapping elapsed time: 0.5591981410980225
local mapping: starting...
local mapping elapsed time: 0.6857573986053467
local mapping: starting...
local mapping elapsed time: 0.6369175910949707
local mapping: starting...
local mapping elapsed time: 0.4691004753112793
local mapping: starting...
LocalMapping: timeout 0.5s reached
local mapping elapsed time: 0.7141978740692139
local mapping: starting...
local mapping elapsed time: 0.44422340393066406
local mapping: starting...
local mapping elapsed time: 0.4292171001434326
local mapping: starting...
local mapping elapsed time: 0.38645410537719727
local mapping: starting...
local mapping elapsed time: 0.4618360996246338
local mapping: starting...
local mapping elapsed time: 0.5508623123168945
local mapping: starting...
local mapping elapsed time: 0.5802664756774902
local mapping: starting...
local mapping elapsed time: 0.46117520332336426
local mapping: starting...
local mapping elapsed time: 0.47907018661499023
local mapping: starting...
local mapping elapsed time: 0.5228168964385986
local mapping: starting...
local mapping elapsed time: 0.47862720489501953
local mapping: starting...
local mapping elapsed time: 0.41953396797180176
local mapping: starting...
local mapping elapsed time: 0.24120545387268066
local mapping: starting...
local mapping elapsed time: 0.3033456802368164
local mapping: starting...
local mapping elapsed time: 0.3534271717071533
local mapping: starting...
local mapping elapsed time: 0.39510345458984375
local mapping: starting...
local mapping elapsed time: 0.4977893829345703
local mapping: starting...
local mapping elapsed time: 0.4455578327178955
local mapping: starting...
local mapping elapsed time: 0.3316628932952881
local mapping: starting...
local mapping elapsed time: 0.3871936798095703
[3001/4494] idx=03000 state=OK ok=True kf=142 mp=26696 tracked=130 ba_mse=2.2713567905426064 frame_sec=0.211
local mapping: starting...
local mapping elapsed time: 0.4950413703918457
local mapping: starting...
LocalMapping: timeout 0.5s reached
local mapping elapsed time: 0.8720107078552246
local mapping: starting...
LocalMapping: timeout 0.5s reached
local mapping elapsed time: 0.5433745384216309
local mapping: starting...
LocalMapping: timeout 0.5s reached
local mapping elapsed time: 0.6851420402526855
local mapping: starting...
local mapping elapsed time: 0.6083886623382568
local mapping: starting...
LocalMapping: timeout 0.5s reached
local mapping elapsed time: 0.6559407711029053
local mapping: starting...
LocalMapping: timeout 0.5s reached
local mapping elapsed time: 0.7364859580993652
local mapping: starting...
LocalMapping: timeout 0.5s reached
local mapping elapsed time: 0.8035764694213867
local mapping: starting...
LocalMapping: timeout 0.5s reached
local mapping elapsed time: 0.7662549018859863
local mapping: starting...
LocalMapping: timeout 0.5s reached
local mapping elapsed time: 1.0800137519836426
local mapping: starting...
LocalMapping: timeout 0.5s reached
local mapping elapsed time: 0.8889169692993164
local mapping: starting...
LocalMapping: timeout 0.5s reached
local mapping elapsed time: 1.1962170600891113
local mapping: starting...
LocalMapping: timeout 0.5s reached
local mapping elapsed time: 1.1823852062225342
local mapping: starting...
LocalMapping: timeout 0.5s reached
local mapping elapsed time: 1.1544101238250732
local mapping: starting...
LocalMapping: timeout 0.5s reached
local mapping elapsed time: 1.3931593894958496
local mapping: starting...
LocalMapping: timeout 0.5s reached
local mapping elapsed time: 1.2704463005065918
[3301/4494] idx=03300 state=OK ok=True kf=156 mp=30272 tracked=215 ba_mse=1.4705798383910054 frame_sec=0.171
local mapping: starting...
LocalMapping: timeout 0.5s reached
LocalMapping: timeout 0.5s reached
local mapping elapsed time: 1.3320672512054443
local mapping: starting...
LocalMapping: timeout 0.5s reached
local mapping elapsed time: 1.3149621486663818
local mapping: starting...
LocalMapping: timeout 0.5s reached
local mapping elapsed time: 1.4536583423614502
local mapping: starting...
LocalMapping: timeout 0.5s reached
local mapping elapsed time: 1.233381748199463
local mapping: starting...
LocalMapping: timeout 0.5s reached
local mapping elapsed time: 1.1491332054138184
local mapping: starting...
LocalMapping: timeout 0.5s reached
local mapping elapsed time: 1.4305508136749268
local mapping: starting...
LocalMapping: timeout 0.5s reached
local mapping elapsed time: 1.450486660003662
local mapping: starting...
LocalMapping: timeout 0.5s reached
local mapping elapsed time: 1.6758320331573486
local mapping: starting...
LocalMapping: timeout 0.5s reached
local mapping elapsed time: 1.4023256301879883
local mapping: starting...
LocalMapping: timeout 0.5s reached
local mapping elapsed time: 1.4075610637664795
local mapping: starting...
LocalMapping: timeout 0.5s reached
LocalMapping: timeout 0.5s reached
local mapping elapsed time: 1.2988231182098389
local mapping: starting...
LocalMapping: timeout 0.5s reached
local mapping elapsed time: 1.5907340049743652
local mapping: starting...
LocalMapping: timeout 0.5s reached
local mapping elapsed time: 1.1017751693725586
local mapping: starting...
LocalMapping: timeout 0.5s reached
local mapping elapsed time: 1.1760525703430176
local mapping: starting...
LocalMapping: timeout 0.5s reached
local mapping elapsed time: 1.1848993301391602
local mapping: starting...
LocalMapping: timeout 0.5s reached
LocalMapping: timeout 0.5s reached
local mapping elapsed time: 1.7151198387145996
[3601/4494] idx=03600 state=OK ok=True kf=166 mp=32374 tracked=290 ba_mse=1.1151638174916065 frame_sec=0.191
local mapping: starting...
LocalMapping: timeout 0.5s reached
local mapping elapsed time: 0.9766366481781006
local mapping: starting...
LocalMapping: timeout 0.5s reached
local mapping elapsed time: 1.1976191997528076
local mapping: starting...
LocalMapping: timeout 0.5s reached
local mapping elapsed time: 1.028487205505371
local mapping: starting...
LocalMapping: timeout 0.5s reached
local mapping elapsed time: 0.9881656169891357
local mapping: starting...
LocalMapping: timeout 0.5s reached
local mapping elapsed time: 1.2530131340026855
local mapping: starting...
LocalMapping: timeout 0.5s reached
local mapping elapsed time: 0.9336888790130615
local mapping: starting...
LocalMapping: timeout 0.5s reached
local mapping elapsed time: 0.8406453132629395
local mapping: starting...
LocalMapping: timeout 0.5s reached
local mapping elapsed time: 0.8342161178588867
local mapping: starting...
LocalMapping: timeout 0.5s reached
local mapping elapsed time: 0.6852312088012695
local mapping: starting...
LocalMapping: timeout 0.5s reached
local mapping elapsed time: 0.8166019916534424
local mapping: starting...
LocalMapping: timeout 0.5s reached
local mapping elapsed time: 0.813481330871582
local mapping: starting...
LocalMapping: timeout 0.5s reached
local mapping elapsed time: 0.7624268531799316
local mapping: starting...
LocalMapping: timeout 0.5s reached
local mapping elapsed time: 1.029773473739624
local mapping: starting...
local mapping elapsed time: 0.34284162521362305
local mapping: starting...
local mapping elapsed time: 0.4734022617340088
local mapping: starting...
local mapping elapsed time: 0.2607734203338623
local mapping: starting...
local mapping elapsed time: 0.28481245040893555
local mapping: starting...
local mapping elapsed time: 0.31136536598205566
local mapping: starting...
local mapping elapsed time: 0.36551642417907715
local mapping: starting...
local mapping elapsed time: 0.5395920276641846
local mapping: starting...
local mapping elapsed time: 0.4116952419281006
local mapping: starting...
local mapping elapsed time: 0.34408068656921387
local mapping: starting...
local mapping elapsed time: 0.35963988304138184
local mapping: starting...
local mapping elapsed time: 0.40355682373046875
local mapping: starting...
local mapping elapsed time: 0.4661529064178467
local mapping: starting...
local mapping elapsed time: 0.5724389553070068
local mapping: starting...
local mapping elapsed time: 0.4186060428619385
local mapping: starting...
local mapping elapsed time: 0.531754732131958
local mapping: starting...
local mapping elapsed time: 0.5207014083862305
local mapping: starting...
local mapping elapsed time: 0.567659854888916
local mapping: starting...
local mapping elapsed time: 0.48384666442871094
local mapping: starting...
local mapping elapsed time: 0.45326781272888184
local mapping: starting...
local mapping elapsed time: 0.4996490478515625
local mapping: starting...
local mapping elapsed time: 0.4831733703613281
local mapping: starting...
LocalMapping: timeout 0.5s reached
local mapping elapsed time: 0.5827686786651611
local mapping: starting...
local mapping elapsed time: 0.45025086402893066
local mapping: starting...
LocalMapping: timeout 0.5s reached
local mapping elapsed time: 0.7598392963409424
local mapping: starting...
local mapping elapsed time: 0.40316200256347656
local mapping: starting...
local mapping elapsed time: 0.5753843784332275
local mapping: starting...
LocalMapping: timeout 0.5s reached
local mapping elapsed time: 0.6960818767547607
local mapping: starting...
LocalMapping: timeout 0.5s reached
local mapping elapsed time: 0.5337638854980469
local mapping: starting...
local mapping elapsed time: 0.6679906845092773
local mapping: starting...
LocalMapping: timeout 0.5s reached
local mapping elapsed time: 0.5232298374176025
local mapping: starting...
local mapping elapsed time: 0.5056118965148926
local mapping: starting...
local mapping elapsed time: 0.41884875297546387
local mapping: starting...
local mapping elapsed time: 0.3294093608856201
local mapping: starting...
local mapping elapsed time: 0.26717162132263184
local mapping: starting...
local mapping elapsed time: 0.28571605682373047
local mapping: starting...
local mapping elapsed time: 0.33721184730529785
local mapping: starting...
local mapping elapsed time: 0.3974435329437256
local mapping: starting...
local mapping elapsed time: 0.4032719135284424
local mapping: starting...
local mapping elapsed time: 0.3816249370574951
local mapping: starting...
local mapping elapsed time: 0.3880176544189453
local mapping: starting...
local mapping elapsed time: 0.3450009822845459
local mapping: starting...
local mapping elapsed time: 0.46201014518737793
local mapping: starting...
LocalMapping: timeout 0.5s reached
local mapping elapsed time: 0.7184178829193115
[3901/4494] idx=03900 state=OK ok=True kf=192 mp=33800 tracked=165 ba_mse=1.175890663824046 frame_sec=0.090
local mapping: starting...
local mapping elapsed time: 0.3085188865661621
local mapping: starting...
local mapping elapsed time: 0.27370452880859375
local mapping: starting...
local mapping elapsed time: 0.28521203994750977
local mapping: starting...
LocalMapping: timeout 0.5s reached
local mapping elapsed time: 0.7798745632171631
local mapping: starting...
local mapping elapsed time: 0.28053712844848633
local mapping: starting...
local mapping elapsed time: 0.42247509956359863
local mapping: starting...
local mapping elapsed time: 0.4098694324493408
local mapping: starting...
local mapping elapsed time: 0.4255025386810303
local mapping: starting...
local mapping elapsed time: 0.6182491779327393
local mapping: starting...
local mapping elapsed time: 0.5923659801483154
local mapping: starting...
LocalMapping: timeout 0.5s reached
local mapping elapsed time: 0.6832225322723389
local mapping: starting...
LocalMapping: timeout 0.5s reached
local mapping elapsed time: 0.7329039573669434
local mapping: starting...
LocalMapping: timeout 0.5s reached
local mapping elapsed time: 0.8197736740112305
local mapping: starting...
LocalMapping: timeout 0.5s reached
local mapping elapsed time: 0.8076496124267578
local mapping: starting...
LocalMapping: timeout 0.5s reached
local mapping elapsed time: 1.0267646312713623
local mapping: starting...
LocalMapping: timeout 0.5s reached
local mapping elapsed time: 0.9910650253295898
[4201/4494] idx=04200 state=OK ok=True kf=203 mp=36427 tracked=346 ba_mse=1.124865411900208 frame_sec=0.181
local mapping: starting...
LocalMapping: timeout 0.5s reached
local mapping elapsed time: 1.0682897567749023
local mapping: starting...
LocalMapping: timeout 0.5s reached
local mapping elapsed time: 1.0920300483703613
local mapping: starting...
LocalMapping: timeout 0.5s reached
local mapping elapsed time: 0.8543004989624023
local mapping: starting...
LocalMapping: timeout 0.5s reached
local mapping elapsed time: 1.1151907444000244
local mapping: starting...
LocalMapping: timeout 0.5s reached
local mapping elapsed time: 0.9186410903930664
local mapping: starting...
LocalMapping: timeout 0.5s reached
local mapping elapsed time: 1.0089454650878906
local mapping: starting...
LocalMapping: timeout 0.5s reached
local mapping elapsed time: 1.037940263748169
local mapping: starting...
LocalMapping: timeout 0.5s reached
LocalMapping: timeout 0.5s reached
local mapping elapsed time: 1.5427377223968506
local mapping: starting...
LocalMapping: timeout 0.5s reached
local mapping elapsed time: 1.8831489086151123
local mapping: starting...
LocalMapping: timeout 0.5s reached
local mapping elapsed time: 1.4851553440093994
local mapping: starting...
LocalMapping: timeout 0.5s reached
LocalMapping: timeout 0.5s reached
local mapping elapsed time: 1.7555360794067383
local mapping: starting...
LocalMapping: timeout 0.5s reached
local mapping elapsed time: 1.5190062522888184
local mapping: starting...
LocalMapping: timeout 0.5s reached
LocalMapping: timeout 0.5s reached
local mapping elapsed time: 1.5928349494934082
local mapping: starting...
LocalMapping: timeout 0.5s reached
local mapping elapsed time: 1.1415913105010986
local mapping: starting...
LocalMapping: timeout 0.5s reached
local mapping elapsed time: 0.9466161727905273
[4494/4494] idx=04493 state=OK ok=True kf=206 mp=37090 tracked=527 ba_mse=0.4707618179300304 frame_sec=0.083
LocalMapping: background thread stopped
final map compaction:  purged 280 ghost points
================================================================================
RUN SUMMARY
================================================================================
frames_attempted:     4494
tracking_ok_count:    4418
tracking_lost_count:  76
errors:               0
final_state:          OK
keyframes:            206
map_points:           36810
trajectory_poses:     4418
elapsed_sec:          633.117
avg_fps:              7.10
trajectory_file:      /home/kaushik/slam_ws/visual_slam/reference_audit/checkpoint_2_42_full_lab_native_triangulated_point_batch_threaded_20260608/run/trajectory_lab_rgbd_run_2.txt
frame_log_file:       /home/kaushik/slam_ws/visual_slam/reference_audit/checkpoint_2_42_full_lab_native_triangulated_point_batch_threaded_20260608/run/frame_log_lab_rgbd_run_2.csv
frame_timing_file:    /home/kaushik/slam_ws/visual_slam/reference_audit/checkpoint_2_42_full_lab_native_triangulated_point_batch_threaded_20260608/run/frame_timing.csv
map_points_ply:       /home/kaushik/slam_ws/visual_slam/reference_audit/checkpoint_2_42_full_lab_native_triangulated_point_batch_threaded_20260608/run/map_points.ply
keyframes_json:       /home/kaushik/slam_ws/visual_slam/reference_audit/checkpoint_2_42_full_lab_native_triangulated_point_batch_threaded_20260608/run/keyframes.json
keyframe_graph_json:  /home/kaushik/slam_ws/visual_slam/reference_audit/checkpoint_2_42_full_lab_native_triangulated_point_batch_threaded_20260608/run/keyframe_graph.json
effective_config:     /home/kaushik/slam_ws/visual_slam/reference_audit/checkpoint_2_42_full_lab_native_triangulated_point_batch_threaded_20260608/run/effective_run_config.json
completed_timestamp:  20260608_234017
standardized_stem:    lab_rgbd__lab_rgbd_run_2__completed_20260608_234017
standardized_summary: /home/kaushik/slam_ws/visual_slam/reference_audit/checkpoint_2_42_full_lab_native_triangulated_point_batch_threaded_20260608/run/run_summary__lab_rgbd__lab_rgbd_run_2__completed_20260608_234017.json
local_map_profile:    /home/kaushik/slam_ws/visual_slam/reference_audit/checkpoint_2_42_full_lab_native_triangulated_point_batch_threaded_20260608/run/local_map_profile.csv
keyframe_log:         /home/kaushik/slam_ws/visual_slam/reference_audit/checkpoint_2_42_full_lab_native_triangulated_point_batch_threaded_20260608/run/keyframe_decision_log.csv
lm_schedule_log:      /home/kaushik/slam_ws/visual_slam/reference_audit/checkpoint_2_42_full_lab_native_triangulated_point_batch_threaded_20260608/run/local_mapping_schedule_log.csv
runtime_profile_csv:  /home/kaushik/slam_ws/visual_slam/reference_audit/checkpoint_2_42_full_lab_native_triangulated_point_batch_threaded_20260608/run/runtime_profile.csv
runtime_profile_json: /home/kaushik/slam_ws/visual_slam/reference_audit/checkpoint_2_42_full_lab_native_triangulated_point_batch_threaded_20260608/run/runtime_profile.json
kf_traj_consistency:  n=206 max=0.0000m median=0.0000m
================================================================================
LocalMapping: background thread stopped
