[run_lab_cpp] USE_CPP_CORE = True  (SIGUSR1 -> thread dump armed)
LocalMapping: background thread started
================================================================================
Final RGB-D ORB-SLAM run
================================================================================
Dataset:             /home/kaushik/slam_ws/datasets/lab_rgbd_run_2
Dataset type:        lab_rgbd
Output:              /home/kaushik/slam_ws/visual_slam/reference_audit/checkpoint_2_43_full_lab_native_local_ba_pack_threaded_20260608/run
Frames loaded:       4494
Camera source:       /home/kaushik/slam_ws/datasets/lab_rgbd_run_2/camera.yaml
Camera intrinsics:   fx=609.883, fy=609.177, cx=324.921, cy=229.748
Image size:          640x480
Depth map factor:    1000.0
Depth factor:        0.001
Baseline (m):        0.08 [default_rgbd_virtual_baseline_0p08m]
Depth threshold:     40.0 [default_th_depth_40]
bf:                  48.790664062480005
Feature backend:     auto
Loop closing:        disabled
Loop cand source:    auto
Global BA:           disabled
LM threading:        enabled (wait=0.5s)
Memory profile:      disabled (cheap)
Runtime profile:     enabled
Local map profile:   enabled
Keyframe profile:    enabled
================================================================================
[0001/4494] idx=00000 state=OK ok=True kf=1 mp=427 tracked=427 ba_mse=NA frame_sec=0.545
local mapping: starting...
local mapping elapsed time: 0.3421299457550049
local mapping: starting...
local mapping elapsed time: 0.5920913219451904
local mapping: starting...
LocalMapping: timeout 0.5s reached
local mapping elapsed time: 0.8625848293304443
local mapping: starting...
local mapping elapsed time: 0.6212797164916992
local mapping: starting...
local mapping elapsed time: 0.6782054901123047
local mapping: starting...
LocalMapping: timeout 0.5s reached
local mapping elapsed time: 0.916637659072876
local mapping: starting...
LocalMapping: timeout 0.5s reached
local mapping elapsed time: 0.7040765285491943
local mapping: starting...
LocalMapping: timeout 0.5s reached
local mapping elapsed time: 0.7126297950744629
local mapping: starting...
LocalMapping: timeout 0.5s reached
local mapping elapsed time: 0.8204836845397949
local mapping: starting...
LocalMapping: timeout 0.5s reached
local mapping elapsed time: 0.766181230545044
local mapping: starting...
LocalMapping: timeout 0.5s reached
local mapping elapsed time: 0.7167534828186035
local mapping: starting...
LocalMapping: timeout 0.5s reached
local mapping elapsed time: 0.8581957817077637
local mapping: starting...
LocalMapping: timeout 0.5s reached
local mapping elapsed time: 0.7386312484741211
local mapping: starting...
LocalMapping: timeout 0.5s reached
local mapping elapsed time: 0.5395801067352295
local mapping: starting...
LocalMapping: timeout 0.5s reached
local mapping elapsed time: 0.8553698062896729
local mapping: starting...
LocalMapping: timeout 0.5s reached
local mapping elapsed time: 0.5236554145812988
local mapping: starting...
local mapping elapsed time: 0.6305899620056152
local mapping: starting...
local mapping elapsed time: 0.6834914684295654
local mapping: starting...
LocalMapping: timeout 0.5s reached
local mapping elapsed time: 0.7914977073669434
local mapping: starting...
local mapping elapsed time: 0.6694591045379639
local mapping: starting...
LocalMapping: timeout 0.5s reached
local mapping elapsed time: 0.6900444030761719
local mapping: starting...
local mapping elapsed time: 0.655278205871582
LocalMapping: timeout 0.5s reached
local mapping: starting...
local mapping elapsed time: 0.605553388595581
local mapping: starting...
LocalMapping: timeout 0.5s reached
local mapping elapsed time: 0.7183985710144043
[0501/4494] idx=00500 state=OK ok=True kf=6 mp=2332 tracked=195 ba_mse=1.449863375601853 frame_sec=0.115
local mapping: starting...
LocalMapping: timeout 0.5s reached
local mapping elapsed time: 0.8012900352478027
local mapping: starting...
local mapping elapsed time: 0.5678822994232178
local mapping: starting...
LocalMapping: timeout 0.5s reached
local mapping elapsed time: 0.5339784622192383
local mapping: starting...
LocalMapping: timeout 0.5s reached
local mapping elapsed time: 0.7014853954315186
local mapping: starting...
LocalMapping: timeout 0.5s reached
local mapping elapsed time: 0.8614728450775146
local mapping: starting...
LocalMapping: timeout 0.5s reached
local mapping elapsed time: 0.8960568904876709
local mapping: starting...
LocalMapping: timeout 0.5s reached
local mapping elapsed time: 1.0011577606201172
local mapping: starting...
LocalMapping: timeout 0.5s reached
local mapping elapsed time: 0.8457479476928711
local mapping: starting...
LocalMapping: timeout 0.5s reached
local mapping elapsed time: 0.8652248382568359
local mapping: starting...
local mapping elapsed time: 0.40214085578918457
local mapping: starting...
local mapping elapsed time: 0.44984889030456543
local mapping: starting...
local mapping elapsed time: 0.46097278594970703
local mapping: starting...
local mapping elapsed time: 0.6470694541931152
local mapping: starting...
local mapping elapsed time: 0.6135289669036865
local mapping: starting...
local mapping elapsed time: 0.5779666900634766
local mapping: starting...
LocalMapping: timeout 0.5s reached
local mapping elapsed time: 0.6468424797058105
local mapping: starting...
LocalMapping: timeout 0.5s reached
local mapping elapsed time: 0.7395412921905518
local mapping: starting...
LocalMapping: timeout 0.5s reached
local mapping elapsed time: 0.7851057052612305
local mapping: starting...
LocalMapping: timeout 0.5s reached
local mapping elapsed time: 0.862354040145874
local mapping: starting...
LocalMapping: timeout 0.5s reached
local mapping elapsed time: 1.0005385875701904
local mapping: starting...
local mapping elapsed time: 0.5593955516815186
local mapping: starting...
LocalMapping: timeout 0.5s reached
local mapping elapsed time: 0.7074522972106934
local mapping: starting...
LocalMapping: timeout 0.5s reached
local mapping elapsed time: 0.7719359397888184
local mapping: starting...
LocalMapping: timeout 0.5s reached
local mapping elapsed time: 0.7593076229095459
local mapping: starting...
LocalMapping: timeout 0.5s reached
local mapping elapsed time: 0.9094727039337158
local mapping: starting...
LocalMapping: timeout 0.5s reached
local mapping elapsed time: 0.9213659763336182
local mapping: starting...
LocalMapping: timeout 0.5s reached
local mapping elapsed time: 0.9629547595977783
local mapping: starting...
LocalMapping: timeout 0.5s reached
local mapping elapsed time: 0.8918745517730713
local mapping: starting...
LocalMapping: timeout 0.5s reached
local mapping elapsed time: 0.9463353157043457
local mapping: starting...
LocalMapping: timeout 0.5s reached
local mapping elapsed time: 0.9320790767669678
local mapping: starting...
LocalMapping: timeout 0.5s reached
local mapping elapsed time: 0.8361732959747314
local mapping: starting...
LocalMapping: timeout 0.5s reached
local mapping elapsed time: 0.8846917152404785
[1001/4494] idx=01000 state=OK ok=True kf=27 mp=6688 tracked=224 ba_mse=1.588119753524415 frame_sec=0.124
local mapping: starting...
LocalMapping: timeout 0.5s reached
local mapping elapsed time: 0.5503730773925781
local mapping: starting...
LocalMapping: timeout 0.5s reached
local mapping elapsed time: 0.9814491271972656
local mapping: starting...
local mapping elapsed time: 0.49018168449401855
local mapping: starting...
local mapping elapsed time: 0.2996950149536133
local mapping: starting...
local mapping elapsed time: 0.47360944747924805
local mapping: starting...
local mapping elapsed time: 0.5984933376312256
local mapping: starting...
LocalMapping: timeout 0.5s reached
local mapping elapsed time: 0.6104891300201416
local mapping: starting...
local mapping elapsed time: 0.6500241756439209
local mapping: starting...
LocalMapping: timeout 0.5s reached
local mapping elapsed time: 0.6639032363891602
local mapping: starting...
LocalMapping: timeout 0.5s reached
local mapping elapsed time: 0.6518888473510742
local mapping: starting...
local mapping elapsed time: 0.5018134117126465
local mapping: starting...
LocalMapping: timeout 0.5s reached
local mapping elapsed time: 0.5348606109619141
local mapping: starting...
LocalMapping: timeout 0.5s reached
local mapping elapsed time: 0.8761806488037109
local mapping: starting...
local mapping elapsed time: 0.5654473304748535
local mapping: starting...
local mapping elapsed time: 0.5220949649810791
local mapping: starting...
LocalMapping: timeout 0.5s reached
local mapping elapsed time: 0.7300677299499512
local mapping: starting...
local mapping elapsed time: 0.4529705047607422
local mapping: starting...
local mapping elapsed time: 0.5227293968200684
local mapping: starting...
local mapping elapsed time: 0.5552864074707031
local mapping: starting...
local mapping elapsed time: 0.6577167510986328
local mapping: starting...
local mapping elapsed time: 0.6141107082366943
local mapping: starting...
LocalMapping: timeout 0.5s reached
local mapping elapsed time: 0.7184069156646729
local mapping: starting...
LocalMapping: timeout 0.5s reached
local mapping elapsed time: 0.833775520324707
local mapping: starting...
LocalMapping: timeout 0.5s reached
local mapping elapsed time: 0.8724734783172607
local mapping: starting...
LocalMapping: timeout 0.5s reached
local mapping elapsed time: 0.8209588527679443
local mapping: starting...
LocalMapping: timeout 0.5s reached
local mapping elapsed time: 0.9328651428222656
local mapping: starting...
LocalMapping: timeout 0.5s reached
local mapping elapsed time: 1.1459438800811768
local mapping: starting...
LocalMapping: timeout 0.5s reached
local mapping elapsed time: 1.0106351375579834
local mapping: starting...
LocalMapping: timeout 0.5s reached
local mapping elapsed time: 1.1479082107543945
local mapping: starting...
LocalMapping: timeout 0.5s reached
local mapping elapsed time: 1.154888391494751
[1501/4494] idx=01500 state=OK ok=True kf=47 mp=12522 tracked=195 ba_mse=1.8050010864930617 frame_sec=0.196
local mapping: starting...
LocalMapping: timeout 0.5s reached
local mapping elapsed time: 1.0812108516693115
local mapping: starting...
LocalMapping: timeout 0.5s reached
local mapping elapsed time: 0.8452193737030029
local mapping: starting...
LocalMapping: timeout 0.5s reached
local mapping elapsed time: 1.079679012298584
local mapping: starting...
LocalMapping: timeout 0.5s reached
local mapping elapsed time: 0.8693065643310547
local mapping: starting...
local mapping elapsed time: 0.5267417430877686
local mapping: starting...
local mapping elapsed time: 0.3343944549560547
local mapping: starting...
local mapping elapsed time: 0.495164155960083
local mapping: starting...
local mapping elapsed time: 0.44899415969848633
local mapping: starting...
local mapping elapsed time: 0.4510495662689209
local mapping: starting...
local mapping elapsed time: 0.5053064823150635
local mapping: starting...
local mapping elapsed time: 0.5451440811157227
local mapping: starting...
local mapping elapsed time: 0.48096203804016113
local mapping: starting...
local mapping elapsed time: 0.4540235996246338
local mapping: starting...
local mapping elapsed time: 0.4077935218811035
local mapping: starting...
local mapping elapsed time: 0.3815329074859619
local mapping: starting...
local mapping elapsed time: 0.4380803108215332
local mapping: starting...
local mapping elapsed time: 0.5096690654754639
local mapping: starting...
LocalMapping: timeout 0.5s reached
local mapping elapsed time: 0.6559693813323975
local mapping: starting...
local mapping elapsed time: 0.4773426055908203
local mapping: starting...
LocalMapping: timeout 0.5s reached
local mapping elapsed time: 0.6425800323486328
local mapping: starting...
local mapping elapsed time: 0.5274481773376465
local mapping: starting...
failure in tracking previous frame, # matched map points: 44
local mapping elapsed time: 0.5371005535125732
local mapping: starting...
local mapping elapsed time: 0.5050530433654785
local mapping: starting...
local mapping elapsed time: 0.518712043762207
local mapping: starting...
local mapping elapsed time: 0.5800619125366211
local mapping: starting...
local mapping elapsed time: 0.6495015621185303
local mapping: starting...
LocalMapping: timeout 0.5s reached
local mapping elapsed time: 0.5108284950256348
local mapping: starting...
LocalMapping: timeout 0.5s reached
local mapping elapsed time: 0.6347265243530273
local mapping: starting...
LocalMapping: timeout 0.5s reached
local mapping elapsed time: 0.5048587322235107
local mapping: starting...
LocalMapping: timeout 0.5s reached
local mapping elapsed time: 0.6750342845916748
local mapping: starting...
LocalMapping: timeout 0.5s reached
local mapping elapsed time: 0.6277763843536377
local mapping: starting...
local mapping elapsed time: 0.500720739364624
local mapping: starting...
LocalMapping: timeout 0.5s reached
local mapping elapsed time: 0.5087270736694336
local mapping: starting...
LocalMapping: timeout 0.5s reached
local mapping elapsed time: 0.5224137306213379
local mapping: starting...
local mapping elapsed time: 0.5312106609344482
local mapping: starting...
local mapping elapsed time: 0.4940176010131836
local mapping: starting...
local mapping elapsed time: 0.6750538349151611
local mapping: starting...
LocalMapping: timeout 0.5s reached
local mapping elapsed time: 0.7274823188781738
local mapping: starting...
LocalMapping: timeout 0.5s reached
local mapping elapsed time: 0.724982500076294
local mapping: starting...
LocalMapping: timeout 0.5s reached
local mapping elapsed time: 0.7812385559082031
local mapping: starting...
LocalMapping: timeout 0.5s reached
local mapping elapsed time: 0.7719519138336182
local mapping: starting...
local mapping elapsed time: 0.5666944980621338
local mapping: starting...
local mapping elapsed time: 0.5272080898284912
local mapping: starting...
local mapping elapsed time: 0.5815005302429199
local mapping: starting...
local mapping elapsed time: 0.6266822814941406
local mapping: starting...
local mapping elapsed time: 0.6469967365264893
local mapping: starting...
LocalMapping: timeout 0.5s reached
local mapping elapsed time: 0.8591828346252441
local mapping: starting...
LocalMapping: timeout 0.5s reached
local mapping elapsed time: 0.8828458786010742
local mapping: starting...
LocalMapping: timeout 0.5s reached
local mapping elapsed time: 0.6715877056121826
local mapping: starting...
LocalMapping: timeout 0.5s reached
local mapping elapsed time: 0.6456565856933594
local mapping: starting...
local mapping elapsed time: 0.5491142272949219
local mapping: starting...
LocalMapping: timeout 0.5s reached
local mapping elapsed time: 0.7646703720092773
local mapping: starting...
LocalMapping: timeout 0.5s reached
local mapping elapsed time: 0.5428762435913086
local mapping: starting...
local mapping elapsed time: 0.5141472816467285
Relocalizing frame id: 1904...
Relocalization failed
Relocalizing frame id: 1905...
Relocalization failed
Relocalizing frame id: 1906...
Relocalization failed
Relocalizing frame id: 1907...
Relocalization failed
Relocalizing frame id: 1908...
Relocalization failed
Relocalizing frame id: 1909...
Relocalization failed
Relocalizing frame id: 1910...
Relocalization failed
Relocalizing frame id: 1911...
Relocalization failed
Relocalizing frame id: 1912...
Relocalization failed
Relocalizing frame id: 1913...
Relocalization failed
Relocalizing frame id: 1914...
Relocalization failed
Relocalizing frame id: 1915...
Relocalization failed
Relocalizing frame id: 1916...
Relocalization failed
Relocalizing frame id: 1917...
Relocalization failed
Relocalizing frame id: 1918...
Relocalization failed
Relocalizing frame id: 1919...
Relocalization failed
Relocalizing frame id: 1920...
Relocalization failed
Relocalizing frame id: 1921...
Relocalization failed
Relocalizing frame id: 1922...
Relocalization failed
Relocalizing frame id: 1923...
Relocalization failed
Relocalizing frame id: 1924...
Relocalization failed
Relocalizing frame id: 1925...
Relocalization failed
Relocalizing frame id: 1926...
Relocalization failed
Relocalizing frame id: 1927...
Relocalization failed
Relocalizing frame id: 1928...
Relocalization failed
Relocalizing frame id: 1929...
Relocalization failed
Relocalizing frame id: 1930...
Relocalization failed
Relocalizing frame id: 1931...
Relocalization failed
Relocalizing frame id: 1932...
Relocalization failed
Relocalizing frame id: 1933...
Relocalization failed
[recovery] re-initialized from depth at frame 1933 after 30 failed relocalizations
local mapping: starting...
local mapping elapsed time: 0.051650285720825195
local mapping: starting...
local mapping elapsed time: 0.06280732154846191
local mapping: starting...
local mapping elapsed time: 0.12028837203979492
local mapping: starting...
local mapping elapsed time: 0.09861588478088379
local mapping: starting...
local mapping elapsed time: 0.10022687911987305
local mapping: starting...
local mapping elapsed time: 0.12005138397216797
local mapping: starting...
local mapping elapsed time: 0.10678839683532715
local mapping: starting...
local mapping elapsed time: 0.1854996681213379
local mapping: starting...
local mapping elapsed time: 0.18050527572631836
local mapping: starting...
local mapping elapsed time: 0.1172332763671875
local mapping: starting...
Not enough matches in search frame by projection: 12
local mapping elapsed time: 0.12274670600891113
Not enough matches in search frame by projection: 5
Relocalizing frame id: 1953...
Relocalization failed
Relocalizing frame id: 1954...
Relocalization failed
Relocalizing frame id: 1955...
Relocalization failed
Relocalizing frame id: 1956...
Relocalization failed
Relocalizing frame id: 1957...
Relocalization failed
Relocalizing frame id: 1958...
Relocalization failed
Relocalizing frame id: 1959...
Relocalization failed
Relocalizing frame id: 1960...
Relocalization failed
Relocalizing frame id: 1961...
Relocalization failed
Relocalizing frame id: 1962...
Relocalization failed
Relocalizing frame id: 1963...
Relocalization failed
Relocalizing frame id: 1964...
Relocalization failed
Relocalizing frame id: 1965...
Relocalization failed
Relocalizing frame id: 1966...
Relocalization failed
Relocalizing frame id: 1967...
Relocalization failed
Relocalizing frame id: 1968...
Relocalization failed
Relocalizing frame id: 1969...
Relocalization failed
Relocalizing frame id: 1970...
Relocalization failed
Relocalizing frame id: 1971...
Relocalization failed
Relocalizing frame id: 1972...
Relocalization failed
Relocalizing frame id: 1973...
Relocalization failed
Relocalizing frame id: 1974...
Relocalization failed
Relocalizing frame id: 1975...
Relocalization failed
Relocalizing frame id: 1976...
Relocalization failed
Relocalizing frame id: 1977...
Relocalization failed
Relocalizing frame id: 1978...
Relocalization failed
Relocalizing frame id: 1979...
Relocalization failed
Relocalizing frame id: 1980...
Relocalization failed
Relocalizing frame id: 1981...
Relocalization failed
Relocalizing frame id: 1982...
Relocalization failed
[recovery] re-initialized from depth at frame 1982 after 30 failed relocalizations
local mapping: starting...
local mapping elapsed time: 0.1273212432861328
local mapping: starting...
local mapping elapsed time: 0.04160022735595703
local mapping: starting...
local mapping elapsed time: 0.0786895751953125
local mapping: starting...
local mapping elapsed time: 0.060466766357421875
local mapping: starting...
local mapping elapsed time: 0.08371162414550781
local mapping: starting...
local mapping elapsed time: 0.19188761711120605
local mapping: starting...
local mapping elapsed time: 0.1167752742767334
local mapping: starting...
local mapping elapsed time: 0.10524439811706543
local mapping: starting...
local mapping elapsed time: 0.11808991432189941
local mapping: starting...
local mapping elapsed time: 0.12955951690673828
[2001/4494] idx=02000 state=OK ok=True kf=106 mp=16405 tracked=81 ba_mse=1.296898270361614 frame_sec=0.172
local mapping: starting...
local mapping elapsed time: 0.23492074012756348
local mapping: starting...
local mapping elapsed time: 0.16287732124328613
local mapping: starting...
local mapping elapsed time: 0.23534154891967773
local mapping: starting...
local mapping elapsed time: 0.27152299880981445
local mapping: starting...
local mapping elapsed time: 0.3812899589538574
local mapping: starting...
local mapping elapsed time: 0.4943563938140869
local mapping: starting...
local mapping elapsed time: 0.4914073944091797
local mapping: starting...
local mapping elapsed time: 0.5764853954315186
local mapping: starting...
local mapping elapsed time: 0.4995229244232178
local mapping: starting...
local mapping elapsed time: 0.5483863353729248
local mapping: starting...
local mapping elapsed time: 0.48215746879577637
local mapping: starting...
LocalMapping: timeout 0.5s reached
local mapping elapsed time: 0.9375009536743164
local mapping: starting...
LocalMapping: timeout 0.5s reached
local mapping elapsed time: 0.6604418754577637
local mapping: starting...
LocalMapping: timeout 0.5s reached
local mapping elapsed time: 0.692568302154541
local mapping: starting...
local mapping elapsed time: 0.6519396305084229
local mapping: starting...
LocalMapping: timeout 0.5s reached
local mapping elapsed time: 0.7680091857910156
local mapping: starting...
local mapping elapsed time: 0.500272274017334
local mapping: starting...
LocalMapping: timeout 0.5s reached
local mapping elapsed time: 0.7238433361053467
local mapping: starting...
local mapping elapsed time: 0.40598177909851074
local mapping: starting...
local mapping elapsed time: 0.644296407699585
local mapping: starting...
LocalMapping: timeout 0.5s reached
local mapping elapsed time: 0.7375836372375488
local mapping: starting...
LocalMapping: timeout 0.5s reached
local mapping elapsed time: 0.719057559967041
local mapping: starting...
LocalMapping: timeout 0.5s reached
local mapping elapsed time: 1.067974328994751
local mapping: starting...
LocalMapping: timeout 0.5s reached
local mapping elapsed time: 0.9818634986877441
local mapping: starting...
LocalMapping: timeout 0.5s reached
local mapping elapsed time: 0.7935101985931396
local mapping: starting...
LocalMapping: timeout 0.5s reached
local mapping elapsed time: 0.7213191986083984
local mapping: starting...
local mapping elapsed time: 0.5799562931060791
local mapping: starting...
LocalMapping: timeout 0.5s reached
local mapping elapsed time: 0.7917306423187256
local mapping: starting...
LocalMapping: timeout 0.5s reached
local mapping elapsed time: 0.8227784633636475
local mapping: starting...
LocalMapping: timeout 0.5s reached
local mapping elapsed time: 0.7975883483886719
local mapping: starting...
LocalMapping: timeout 0.5s reached
local mapping elapsed time: 0.8645405769348145
local mapping: starting...
LocalMapping: timeout 0.5s reached
local mapping elapsed time: 0.9085850715637207
local mapping: starting...
local mapping elapsed time: 0.5872595310211182
local mapping: starting...
local mapping elapsed time: 0.6657299995422363
LocalMapping: timeout 0.5s reached
local mapping: starting...
local mapping elapsed time: 0.49151086807250977
[2501/4494] idx=02500 state=OK ok=True kf=131 mp=22325 tracked=281 ba_mse=1.0799798426181244 frame_sec=0.202
local mapping: starting...
LocalMapping: timeout 0.5s reached
local mapping elapsed time: 0.8334693908691406
local mapping: starting...
local mapping elapsed time: 0.6491658687591553
local mapping: starting...
LocalMapping: timeout 0.5s reached
local mapping elapsed time: 0.5439379215240479
local mapping: starting...
LocalMapping: timeout 0.5s reached
local mapping elapsed time: 0.868232250213623
local mapping: starting...
LocalMapping: timeout 0.5s reached
local mapping elapsed time: 0.6838288307189941
local mapping: starting...
LocalMapping: timeout 0.5s reached
local mapping elapsed time: 1.0105934143066406
local mapping: starting...
LocalMapping: timeout 0.5s reached
local mapping elapsed time: 0.8697524070739746
local mapping: starting...
LocalMapping: timeout 0.5s reached
local mapping elapsed time: 0.9807870388031006
local mapping: starting...
LocalMapping: timeout 0.5s reached
local mapping elapsed time: 0.9475648403167725
local mapping: starting...
LocalMapping: timeout 0.5s reached
local mapping elapsed time: 1.1768457889556885
local mapping: starting...
LocalMapping: timeout 0.5s reached
local mapping elapsed time: 0.7598118782043457
local mapping: starting...
LocalMapping: timeout 0.5s reached
local mapping elapsed time: 0.8536105155944824
local mapping: starting...
local mapping elapsed time: 0.7006752490997314
local mapping: starting...
local mapping elapsed time: 0.5870294570922852
local mapping: starting...
local mapping elapsed time: 0.4210054874420166
local mapping: starting...
local mapping elapsed time: 0.45331597328186035
local mapping: starting...
local mapping elapsed time: 0.4379281997680664
local mapping: starting...
local mapping elapsed time: 0.510662317276001
local mapping: starting...
local mapping elapsed time: 0.24161767959594727
local mapping: starting...
local mapping elapsed time: 0.5127608776092529
local mapping: starting...
local mapping elapsed time: 0.630242109298706
local mapping: starting...
local mapping elapsed time: 0.4388577938079834
local mapping: starting...
local mapping elapsed time: 0.5431647300720215
local mapping: starting...
local mapping elapsed time: 0.4905521869659424
local mapping: starting...
local mapping elapsed time: 0.5044529438018799
local mapping: starting...
local mapping elapsed time: 0.3631761074066162
local mapping: starting...
local mapping elapsed time: 0.5207419395446777
local mapping: starting...
local mapping elapsed time: 0.40450477600097656
local mapping: starting...
local mapping elapsed time: 0.4347860813140869
local mapping: starting...
local mapping elapsed time: 0.4110531806945801
local mapping: starting...
local mapping elapsed time: 0.3846595287322998
local mapping: starting...
local mapping elapsed time: 0.435833215713501
local mapping: starting...
local mapping elapsed time: 0.35411643981933594
local mapping: starting...
local mapping elapsed time: 0.3085000514984131
local mapping: starting...
local mapping elapsed time: 0.23122906684875488
local mapping: starting...
local mapping elapsed time: 0.32432031631469727
local mapping: starting...
local mapping elapsed time: 0.4162626266479492
local mapping: starting...
local mapping elapsed time: 0.3301725387573242
local mapping: starting...
local mapping elapsed time: 0.2985517978668213
local mapping: starting...
local mapping elapsed time: 0.3343980312347412
local mapping: starting...
local mapping elapsed time: 0.4532043933868408
[3001/4494] idx=03000 state=OK ok=True kf=157 mp=26414 tracked=157 ba_mse=1.8974311767880319 frame_sec=0.178
local mapping: starting...
local mapping elapsed time: 0.44626784324645996
local mapping: starting...
local mapping elapsed time: 0.44602108001708984
local mapping: starting...
local mapping elapsed time: 0.571265697479248
local mapping: starting...
local mapping elapsed time: 0.5000956058502197
local mapping: starting...
local mapping elapsed time: 0.49612951278686523
local mapping: starting...
local mapping elapsed time: 0.5767228603363037
local mapping: starting...
local mapping elapsed time: 0.6408488750457764
local mapping: starting...
LocalMapping: timeout 0.5s reached
local mapping elapsed time: 1.115574836730957
local mapping: starting...
LocalMapping: timeout 0.5s reached
local mapping elapsed time: 1.0343544483184814
local mapping: starting...
LocalMapping: timeout 0.5s reached
local mapping elapsed time: 0.9900703430175781
local mapping: starting...
LocalMapping: timeout 0.5s reached
local mapping elapsed time: 0.9692490100860596
local mapping: starting...
LocalMapping: timeout 0.5s reached
local mapping elapsed time: 0.9862627983093262
local mapping: starting...
LocalMapping: timeout 0.5s reached
local mapping elapsed time: 1.0031037330627441
local mapping: starting...
LocalMapping: timeout 0.5s reached
local mapping elapsed time: 1.0872316360473633
local mapping: starting...
LocalMapping: timeout 0.5s reached
local mapping elapsed time: 1.0813286304473877
local mapping: starting...
LocalMapping: timeout 0.5s reached
local mapping elapsed time: 1.0011842250823975
local mapping: starting...
LocalMapping: timeout 0.5s reached
local mapping elapsed time: 0.9351658821105957
local mapping: starting...
LocalMapping: timeout 0.5s reached
local mapping elapsed time: 1.4640569686889648
local mapping: starting...
LocalMapping: timeout 0.5s reached
local mapping elapsed time: 1.0854079723358154
local mapping: starting...
LocalMapping: timeout 0.5s reached
local mapping elapsed time: 1.0333564281463623
local mapping: starting...
LocalMapping: timeout 0.5s reached
local mapping elapsed time: 1.0258913040161133
local mapping: starting...
LocalMapping: timeout 0.5s reached
local mapping elapsed time: 1.2137267589569092
local mapping: starting...
LocalMapping: timeout 0.5s reached
local mapping elapsed time: 1.0491952896118164
local mapping: starting...
LocalMapping: timeout 0.5s reached
local mapping elapsed time: 1.1973490715026855
local mapping: starting...
LocalMapping: timeout 0.5s reached
local mapping elapsed time: 1.1662108898162842
local mapping: starting...
LocalMapping: timeout 0.5s reached
local mapping elapsed time: 1.2714169025421143
[3501/4494] idx=03500 state=OK ok=True kf=178 mp=31363 tracked=227 ba_mse=1.7978371495377419 frame_sec=0.211
local mapping: starting...
LocalMapping: timeout 0.5s reached
local mapping elapsed time: 1.041167974472046
local mapping: starting...
LocalMapping: timeout 0.5s reached
local mapping elapsed time: 0.9587132930755615
local mapping: starting...
LocalMapping: timeout 0.5s reached
local mapping elapsed time: 1.1931326389312744
local mapping: starting...
LocalMapping: timeout 0.5s reached
local mapping elapsed time: 1.2437610626220703
local mapping: starting...
LocalMapping: timeout 0.5s reached
local mapping elapsed time: 1.1380035877227783
local mapping: starting...
LocalMapping: timeout 0.5s reached
local mapping elapsed time: 0.9876620769500732
local mapping: starting...
LocalMapping: timeout 0.5s reached
local mapping elapsed time: 1.4848120212554932
local mapping: starting...
LocalMapping: timeout 0.5s reached
local mapping elapsed time: 0.9652070999145508
local mapping: starting...
LocalMapping: timeout 0.5s reached
local mapping elapsed time: 0.9473202228546143
local mapping: starting...
LocalMapping: timeout 0.5s reached
local mapping elapsed time: 0.8625748157501221
local mapping: starting...
LocalMapping: timeout 0.5s reached
local mapping elapsed time: 0.8283817768096924
local mapping: starting...
LocalMapping: timeout 0.5s reached
local mapping elapsed time: 0.6541926860809326
local mapping: starting...
LocalMapping: timeout 0.5s reached
local mapping elapsed time: 0.6772909164428711
local mapping: starting...
LocalMapping: timeout 0.5s reached
local mapping elapsed time: 0.6865296363830566
local mapping: starting...
local mapping elapsed time: 0.5694069862365723
local mapping: starting...
local mapping elapsed time: 0.5707962512969971
local mapping: starting...
local mapping elapsed time: 0.5613923072814941
local mapping: starting...
LocalMapping: timeout 0.5s reached
local mapping elapsed time: 0.6912412643432617
local mapping: starting...
LocalMapping: timeout 0.5s reached
local mapping elapsed time: 0.7145788669586182
local mapping: starting...
local mapping elapsed time: 0.2267308235168457
local mapping: starting...
local mapping elapsed time: 0.26392269134521484
local mapping: starting...
local mapping elapsed time: 0.2788887023925781
local mapping: starting...
local mapping elapsed time: 0.3017442226409912
local mapping: starting...
local mapping elapsed time: 0.3723032474517822
local mapping: starting...
local mapping elapsed time: 0.34151411056518555
local mapping: starting...
local mapping elapsed time: 0.3277163505554199
local mapping: starting...
local mapping elapsed time: 0.4296283721923828
local mapping: starting...
local mapping elapsed time: 0.47739648818969727
local mapping: starting...
local mapping elapsed time: 0.5106446743011475
local mapping: starting...
local mapping elapsed time: 0.30954432487487793
local mapping: starting...
local mapping elapsed time: 0.3452606201171875
local mapping: starting...
local mapping elapsed time: 0.49829673767089844
local mapping: starting...
local mapping elapsed time: 0.47711777687072754
local mapping: starting...
LocalMapping: timeout 0.5s reached
local mapping elapsed time: 0.6365318298339844
local mapping: starting...
local mapping elapsed time: 0.5327389240264893
local mapping: starting...
LocalMapping: timeout 0.5s reached
local mapping elapsed time: 0.5937018394470215
local mapping: starting...
LocalMapping: timeout 0.5s reached
local mapping elapsed time: 0.6356616020202637
local mapping: starting...
local mapping elapsed time: 0.57366943359375
local mapping: starting...
LocalMapping: timeout 0.5s reached
local mapping elapsed time: 0.7703850269317627
local mapping: starting...
LocalMapping: timeout 0.5s reached
local mapping elapsed time: 0.7688398361206055
local mapping: starting...
LocalMapping: timeout 0.5s reached
local mapping elapsed time: 0.5914623737335205
local mapping: starting...
local mapping elapsed time: 0.5688498020172119
local mapping: starting...
local mapping elapsed time: 0.45540404319763184
local mapping: starting...
local mapping elapsed time: 0.5627131462097168
local mapping: starting...
local mapping elapsed time: 0.5123732089996338
local mapping: starting...
LocalMapping: timeout 0.5s reached
local mapping elapsed time: 0.6318564414978027
local mapping: starting...
LocalMapping: timeout 0.5s reached
local mapping elapsed time: 0.7345457077026367
local mapping: starting...
LocalMapping: timeout 0.5s reached
local mapping elapsed time: 0.7981007099151611
local mapping: starting...
LocalMapping: timeout 0.5s reached
local mapping elapsed time: 0.9225540161132812
local mapping: starting...
local mapping elapsed time: 0.577747106552124
local mapping: starting...
local mapping elapsed time: 0.5000162124633789
local mapping: starting...
LocalMapping: timeout 0.5s reached
local mapping elapsed time: 0.5076823234558105
local mapping: starting...
local mapping elapsed time: 0.5084319114685059
local mapping: starting...
LocalMapping: timeout 0.5s reached
local mapping elapsed time: 0.6814694404602051
local mapping: starting...
local mapping elapsed time: 0.5814085006713867
local mapping: starting...
local mapping elapsed time: 0.5373048782348633
local mapping: starting...
local mapping elapsed time: 0.5319821834564209
local mapping: starting...
local mapping elapsed time: 0.5113341808319092
local mapping: starting...
LocalMapping: timeout 0.5s reached
local mapping elapsed time: 0.580207109451294
local mapping: starting...
local mapping elapsed time: 0.47574853897094727
local mapping: starting...
local mapping elapsed time: 0.4170246124267578
local mapping: starting...
local mapping elapsed time: 0.4341554641723633
local mapping: starting...
local mapping elapsed time: 0.5295751094818115
local mapping: starting...
local mapping elapsed time: 0.5442354679107666
local mapping: starting...
local mapping elapsed time: 0.6207733154296875
local mapping: starting...
local mapping elapsed time: 0.5437366962432861
local mapping: starting...
local mapping elapsed time: 0.4433917999267578
local mapping: starting...
local mapping elapsed time: 0.4305412769317627
local mapping: starting...
local mapping elapsed time: 0.5139405727386475
[4001/4494] idx=04000 state=OK ok=True kf=209 mp=34182 tracked=168 ba_mse=1.741246409526503 frame_sec=0.214
local mapping: starting...
local mapping elapsed time: 0.3541591167449951
local mapping: starting...
local mapping elapsed time: 0.4181020259857178
local mapping: starting...
local mapping elapsed time: 0.5264651775360107
local mapping: starting...
local mapping elapsed time: 0.6654679775238037
local mapping: starting...
LocalMapping: timeout 0.5s reached
local mapping elapsed time: 0.7642736434936523
local mapping: starting...
LocalMapping: timeout 0.5s reached
local mapping elapsed time: 0.8360085487365723
local mapping: starting...
LocalMapping: timeout 0.5s reached
local mapping elapsed time: 0.7554283142089844
local mapping: starting...
LocalMapping: timeout 0.5s reached
local mapping elapsed time: 0.8327033519744873
local mapping: starting...
LocalMapping: timeout 0.5s reached
local mapping elapsed time: 0.895052433013916
local mapping: starting...
LocalMapping: timeout 0.5s reached
local mapping elapsed time: 1.0711381435394287
local mapping: starting...
LocalMapping: timeout 0.5s reached
local mapping elapsed time: 1.3053627014160156
local mapping: starting...
LocalMapping: timeout 0.5s reached
local mapping elapsed time: 1.107478380203247
local mapping: starting...
LocalMapping: timeout 0.5s reached
local mapping elapsed time: 1.220550775527954
local mapping: starting...
LocalMapping: timeout 0.5s reached
local mapping elapsed time: 1.3494305610656738
local mapping: starting...
LocalMapping: timeout 0.5s reached
local mapping elapsed time: 1.5549390316009521
local mapping: starting...
LocalMapping: timeout 0.5s reached
LocalMapping: timeout 0.5s reached
local mapping elapsed time: 1.7233526706695557
local mapping: starting...
LocalMapping: timeout 0.5s reached
local mapping elapsed time: 1.550800085067749
local mapping: starting...
LocalMapping: timeout 0.5s reached
local mapping elapsed time: 1.356210470199585
local mapping: starting...
LocalMapping: timeout 0.5s reached
local mapping elapsed time: 1.1339280605316162
local mapping: starting...
LocalMapping: timeout 0.5s reached
local mapping elapsed time: 1.8822753429412842
LocalMapping: timeout 0.5s reached
local mapping: starting...
LocalMapping: timeout 0.5s reached
local mapping elapsed time: 1.3492026329040527
local mapping: starting...
LocalMapping: timeout 0.5s reached
local mapping elapsed time: 1.3325510025024414
local mapping: starting...
LocalMapping: timeout 0.5s reached
local mapping elapsed time: 1.5001332759857178
local mapping: starting...
LocalMapping: timeout 0.5s reached
local mapping elapsed time: 1.4516065120697021
local mapping: starting...
LocalMapping: timeout 0.5s reached
local mapping elapsed time: 1.436826229095459
[4494/4494] idx=04493 state=OK ok=True kf=221 mp=36277 tracked=565 ba_mse=0.4051014036013197 frame_sec=0.183
LocalMapping: background thread stopped
================================================================================
RUN SUMMARY
================================================================================
frames_attempted:     4494
tracking_ok_count:    4434
tracking_lost_count:  60
errors:               0
final_state:          OK
keyframes:            221
map_points:           36277
trajectory_poses:     4434
elapsed_sec:          784.152
avg_fps:              5.73
trajectory_file:      /home/kaushik/slam_ws/visual_slam/reference_audit/checkpoint_2_43_full_lab_native_local_ba_pack_threaded_20260608/run/trajectory_lab_rgbd_run_2.txt
frame_log_file:       /home/kaushik/slam_ws/visual_slam/reference_audit/checkpoint_2_43_full_lab_native_local_ba_pack_threaded_20260608/run/frame_log_lab_rgbd_run_2.csv
frame_timing_file:    /home/kaushik/slam_ws/visual_slam/reference_audit/checkpoint_2_43_full_lab_native_local_ba_pack_threaded_20260608/run/frame_timing.csv
map_points_ply:       /home/kaushik/slam_ws/visual_slam/reference_audit/checkpoint_2_43_full_lab_native_local_ba_pack_threaded_20260608/run/map_points.ply
keyframes_json:       /home/kaushik/slam_ws/visual_slam/reference_audit/checkpoint_2_43_full_lab_native_local_ba_pack_threaded_20260608/run/keyframes.json
keyframe_graph_json:  /home/kaushik/slam_ws/visual_slam/reference_audit/checkpoint_2_43_full_lab_native_local_ba_pack_threaded_20260608/run/keyframe_graph.json
effective_config:     /home/kaushik/slam_ws/visual_slam/reference_audit/checkpoint_2_43_full_lab_native_local_ba_pack_threaded_20260608/run/effective_run_config.json
completed_timestamp:  20260609_004656
standardized_stem:    lab_rgbd__lab_rgbd_run_2__completed_20260609_004656
standardized_summary: /home/kaushik/slam_ws/visual_slam/reference_audit/checkpoint_2_43_full_lab_native_local_ba_pack_threaded_20260608/run/run_summary__lab_rgbd__lab_rgbd_run_2__completed_20260609_004656.json
local_map_profile:    /home/kaushik/slam_ws/visual_slam/reference_audit/checkpoint_2_43_full_lab_native_local_ba_pack_threaded_20260608/run/local_map_profile.csv
keyframe_log:         /home/kaushik/slam_ws/visual_slam/reference_audit/checkpoint_2_43_full_lab_native_local_ba_pack_threaded_20260608/run/keyframe_decision_log.csv
lm_schedule_log:      /home/kaushik/slam_ws/visual_slam/reference_audit/checkpoint_2_43_full_lab_native_local_ba_pack_threaded_20260608/run/local_mapping_schedule_log.csv
runtime_profile_csv:  /home/kaushik/slam_ws/visual_slam/reference_audit/checkpoint_2_43_full_lab_native_local_ba_pack_threaded_20260608/run/runtime_profile.csv
runtime_profile_json: /home/kaushik/slam_ws/visual_slam/reference_audit/checkpoint_2_43_full_lab_native_local_ba_pack_threaded_20260608/run/runtime_profile.json
kf_traj_consistency:  n=221 max=0.0000m median=0.0000m
================================================================================
LocalMapping: background thread stopped
