[run_lab_cpp] USE_CPP_CORE = True  (SIGUSR1 -> thread dump armed)
LocalMapping: background thread started
================================================================================
Final RGB-D ORB-SLAM run
================================================================================
Dataset:             /home/kaushik/slam_ws/datasets/lab_rgbd_run_2
Dataset type:        lab_rgbd
Output:              /home/kaushik/slam_ws/visual_slam/reference_audit/checkpoint_2_40_local_ba_pack_cache_smoke_20260608/run
Frames loaded:       600
Camera source:       /home/kaushik/slam_ws/datasets/lab_rgbd_run_2/camera.yaml
Camera intrinsics:   fx=609.883, fy=609.177, cx=324.921, cy=229.748
Image size:          640x480
Depth map factor:    1000.0
Depth factor:        0.001
Baseline (m):        0.08 [default_rgbd_virtual_baseline_0p08m]
Depth threshold:     40.0 [default_th_depth_40]
bf:                  48.790664062480005
Feature backend:     auto
Loop closing:        disabled
Loop cand source:    auto
Global BA:           disabled
LM threading:        enabled (wait=0.5s)
Memory profile:      disabled (cheap)
Runtime profile:     enabled
Local map profile:   enabled
Keyframe profile:    enabled
================================================================================
[0001/0600] idx=00000 state=OK ok=True kf=1 mp=427 tracked=427 ba_mse=NA frame_sec=0.380
local mapping: starting...
local mapping elapsed time: 0.4111158847808838
local mapping: starting...
local mapping elapsed time: 0.47462892532348633
local mapping: starting...
local mapping elapsed time: 0.5493977069854736
local mapping: starting...
LocalMapping: timeout 0.5s reached
local mapping elapsed time: 0.8461775779724121
local mapping: starting...
local mapping elapsed time: 0.6787004470825195
local mapping: starting...
LocalMapping: timeout 0.5s reached
local mapping elapsed time: 0.905656099319458
local mapping: starting...
LocalMapping: timeout 0.5s reached
local mapping elapsed time: 0.9241023063659668
local mapping: starting...
LocalMapping: timeout 0.5s reached
local mapping elapsed time: 0.968045711517334
local mapping: starting...
LocalMapping: timeout 0.5s reached
local mapping elapsed time: 0.8344719409942627
[0201/0600] idx=00200 state=OK ok=True kf=3 mp=1462 tracked=462 ba_mse=0.17251211544548764 frame_sec=0.128
local mapping: starting...
LocalMapping: timeout 0.5s reached
local mapping elapsed time: 0.951467752456665
local mapping: starting...
LocalMapping: timeout 0.5s reached
local mapping elapsed time: 0.9369091987609863
local mapping: starting...
LocalMapping: timeout 0.5s reached
local mapping elapsed time: 0.863088846206665
local mapping: starting...
LocalMapping: timeout 0.5s reached
local mapping elapsed time: 0.7764158248901367
local mapping: starting...
LocalMapping: timeout 0.5s reached
local mapping elapsed time: 0.9335541725158691
local mapping: starting...
LocalMapping: timeout 0.5s reached
local mapping elapsed time: 0.9503917694091797
local mapping: starting...
LocalMapping: timeout 0.5s reached
local mapping elapsed time: 0.751664400100708
local mapping: starting...
LocalMapping: timeout 0.5s reached
local mapping elapsed time: 0.8931043148040771
local mapping: starting...
LocalMapping: timeout 0.5s reached
local mapping elapsed time: 0.702754020690918
local mapping: starting...
LocalMapping: timeout 0.5s reached
local mapping elapsed time: 0.7499740123748779
[0401/0600] idx=00400 state=OK ok=True kf=4 mp=1821 tracked=446 ba_mse=1.0340131490281825 frame_sec=0.144
local mapping: starting...
LocalMapping: timeout 0.5s reached
local mapping elapsed time: 0.8991315364837646
local mapping: starting...
LocalMapping: timeout 0.5s reached
local mapping elapsed time: 0.8369989395141602
local mapping: starting...
LocalMapping: timeout 0.5s reached
local mapping elapsed time: 0.9613766670227051
local mapping: starting...
LocalMapping: timeout 0.5s reached
local mapping elapsed time: 0.8491160869598389
local mapping: starting...
LocalMapping: timeout 0.5s reached
local mapping elapsed time: 0.7329158782958984
local mapping: starting...
LocalMapping: timeout 0.5s reached
local mapping elapsed time: 0.8225741386413574
local mapping: starting...
LocalMapping: timeout 0.5s reached
local mapping elapsed time: 0.7964167594909668
local mapping: starting...
LocalMapping: timeout 0.5s reached
local mapping elapsed time: 0.8202638626098633
local mapping: starting...
LocalMapping: timeout 0.5s reached
local mapping elapsed time: 0.8740234375
local mapping: starting...
LocalMapping: timeout 0.5s reached
local mapping elapsed time: 0.957343578338623
local mapping: starting...
LocalMapping: timeout 0.5s reached
local mapping elapsed time: 0.867135763168335
[0600/0600] idx=00599 state=OK ok=True kf=11 mp=3888 tracked=199 ba_mse=2.424311984922922 frame_sec=0.081
LocalMapping: background thread stopped
final map compaction:  purged 30 ghost points
================================================================================
RUN SUMMARY
================================================================================
frames_attempted:     600
tracking_ok_count:    600
tracking_lost_count:  0
errors:               0
final_state:          OK
keyframes:            11
map_points:           3858
trajectory_poses:     600
elapsed_sec:          87.425
avg_fps:              6.86
trajectory_file:      /home/kaushik/slam_ws/visual_slam/reference_audit/checkpoint_2_40_local_ba_pack_cache_smoke_20260608/run/trajectory_lab_rgbd_run_2.txt
frame_log_file:       /home/kaushik/slam_ws/visual_slam/reference_audit/checkpoint_2_40_local_ba_pack_cache_smoke_20260608/run/frame_log_lab_rgbd_run_2.csv
frame_timing_file:    /home/kaushik/slam_ws/visual_slam/reference_audit/checkpoint_2_40_local_ba_pack_cache_smoke_20260608/run/frame_timing.csv
map_points_ply:       /home/kaushik/slam_ws/visual_slam/reference_audit/checkpoint_2_40_local_ba_pack_cache_smoke_20260608/run/map_points.ply
keyframes_json:       /home/kaushik/slam_ws/visual_slam/reference_audit/checkpoint_2_40_local_ba_pack_cache_smoke_20260608/run/keyframes.json
keyframe_graph_json:  /home/kaushik/slam_ws/visual_slam/reference_audit/checkpoint_2_40_local_ba_pack_cache_smoke_20260608/run/keyframe_graph.json
effective_config:     /home/kaushik/slam_ws/visual_slam/reference_audit/checkpoint_2_40_local_ba_pack_cache_smoke_20260608/run/effective_run_config.json
completed_timestamp:  20260608_215400
standardized_stem:    lab_rgbd__lab_rgbd_run_2__completed_20260608_215400
standardized_summary: /home/kaushik/slam_ws/visual_slam/reference_audit/checkpoint_2_40_local_ba_pack_cache_smoke_20260608/run/run_summary__lab_rgbd__lab_rgbd_run_2__completed_20260608_215400.json
local_map_profile:    /home/kaushik/slam_ws/visual_slam/reference_audit/checkpoint_2_40_local_ba_pack_cache_smoke_20260608/run/local_map_profile.csv
keyframe_log:         /home/kaushik/slam_ws/visual_slam/reference_audit/checkpoint_2_40_local_ba_pack_cache_smoke_20260608/run/keyframe_decision_log.csv
lm_schedule_log:      /home/kaushik/slam_ws/visual_slam/reference_audit/checkpoint_2_40_local_ba_pack_cache_smoke_20260608/run/local_mapping_schedule_log.csv
runtime_profile_csv:  /home/kaushik/slam_ws/visual_slam/reference_audit/checkpoint_2_40_local_ba_pack_cache_smoke_20260608/run/runtime_profile.csv
runtime_profile_json: /home/kaushik/slam_ws/visual_slam/reference_audit/checkpoint_2_40_local_ba_pack_cache_smoke_20260608/run/runtime_profile.json
kf_traj_consistency:  n=11 max=0.0000m median=0.0000m
================================================================================
LocalMapping: background thread stopped
