[run_lab_cpp] USE_CPP_CORE = True  (SIGUSR1 -> thread dump armed)
LocalMapping: background thread started
================================================================================
Final RGB-D ORB-SLAM run
================================================================================
Dataset:             /home/kaushik/slam_ws/datasets/lab_rgbd_run_2
Dataset type:        lab_rgbd
Output:              /home/kaushik/slam_ws/visual_slam/reference_audit/checkpoint_2_43_native_local_ba_pack_smoke_20260608/run
Frames loaded:       600
Camera source:       /home/kaushik/slam_ws/datasets/lab_rgbd_run_2/camera.yaml
Camera intrinsics:   fx=609.883, fy=609.177, cx=324.921, cy=229.748
Image size:          640x480
Depth map factor:    1000.0
Depth factor:        0.001
Baseline (m):        0.08 [default_rgbd_virtual_baseline_0p08m]
Depth threshold:     40.0 [default_th_depth_40]
bf:                  48.790664062480005
Feature backend:     auto
Loop closing:        disabled
Loop cand source:    auto
Global BA:           disabled
LM threading:        enabled (wait=0.5s)
Memory profile:      disabled (cheap)
Runtime profile:     enabled
Local map profile:   enabled
Keyframe profile:    enabled
================================================================================
[0001/0600] idx=00000 state=OK ok=True kf=1 mp=427 tracked=427 ba_mse=NA frame_sec=0.634
local mapping: starting...
local mapping elapsed time: 0.3576340675354004
local mapping: starting...
local mapping elapsed time: 0.45998406410217285
local mapping: starting...
LocalMapping: timeout 0.5s reached
local mapping elapsed time: 0.8711707592010498
local mapping: starting...
local mapping elapsed time: 0.6781818866729736
LocalMapping: timeout 0.5s reached
local mapping: starting...
LocalMapping: timeout 0.5s reached
local mapping elapsed time: 0.7229022979736328
local mapping: starting...
LocalMapping: timeout 0.5s reached
local mapping elapsed time: 0.6121561527252197
local mapping: starting...
LocalMapping: timeout 0.5s reached
local mapping elapsed time: 0.7063357830047607
local mapping: starting...
LocalMapping: timeout 0.5s reached
local mapping elapsed time: 0.7047085762023926
local mapping: starting...
LocalMapping: timeout 0.5s reached
local mapping elapsed time: 0.8000798225402832
[0201/0600] idx=00200 state=OK ok=True kf=3 mp=1429 tracked=436 ba_mse=0.15811921799696224 frame_sec=0.182
local mapping: starting...
LocalMapping: timeout 0.5s reached
local mapping elapsed time: 0.748140811920166
local mapping: starting...
LocalMapping: timeout 0.5s reached
local mapping elapsed time: 0.9435851573944092
local mapping: starting...
LocalMapping: timeout 0.5s reached
local mapping elapsed time: 0.7349512577056885
local mapping: starting...
LocalMapping: timeout 0.5s reached
local mapping elapsed time: 0.7144184112548828
local mapping: starting...
LocalMapping: timeout 0.5s reached
local mapping elapsed time: 0.7144968509674072
local mapping: starting...
LocalMapping: timeout 0.5s reached
local mapping elapsed time: 0.700270414352417
local mapping: starting...
LocalMapping: timeout 0.5s reached
local mapping elapsed time: 0.7066946029663086
local mapping: starting...
local mapping elapsed time: 0.6652450561523438
local mapping: starting...
LocalMapping: timeout 0.5s reached
local mapping elapsed time: 0.6820189952850342
local mapping: starting...
LocalMapping: timeout 0.5s reached
local mapping elapsed time: 0.9478840827941895
[0401/0600] idx=00400 state=OK ok=True kf=4 mp=1786 tracked=440 ba_mse=1.032790733802998 frame_sec=0.167
local mapping: starting...
LocalMapping: timeout 0.5s reached
local mapping elapsed time: 0.8681280612945557
local mapping: starting...
LocalMapping: timeout 0.5s reached
local mapping elapsed time: 0.7713758945465088
local mapping: starting...
LocalMapping: timeout 0.5s reached
local mapping elapsed time: 0.8130388259887695
local mapping: starting...
LocalMapping: timeout 0.5s reached
local mapping elapsed time: 0.7255697250366211
local mapping: starting...
LocalMapping: timeout 0.5s reached
local mapping elapsed time: 0.7346670627593994
local mapping: starting...
LocalMapping: timeout 0.5s reached
local mapping elapsed time: 0.5517504215240479
local mapping: starting...
LocalMapping: timeout 0.5s reached
local mapping elapsed time: 0.6714072227478027
local mapping: starting...
LocalMapping: timeout 0.5s reached
local mapping elapsed time: 0.8693292140960693
local mapping: starting...
LocalMapping: timeout 0.5s reached
local mapping elapsed time: 0.7030754089355469
local mapping: starting...
LocalMapping: timeout 0.5s reached
local mapping elapsed time: 1.006702184677124
local mapping: starting...
LocalMapping: timeout 0.5s reached
local mapping elapsed time: 1.036928415298462
[0600/0600] idx=00599 state=OK ok=True kf=11 mp=3780 tracked=143 ba_mse=2.2212102270923806 frame_sec=0.123
LocalMapping: background thread stopped
final map compaction:  purged 38 ghost points
================================================================================
RUN SUMMARY
================================================================================
frames_attempted:     600
tracking_ok_count:    600
tracking_lost_count:  0
errors:               0
final_state:          OK
keyframes:            11
map_points:           3742
trajectory_poses:     600
elapsed_sec:          101.484
avg_fps:              5.91
trajectory_file:      /home/kaushik/slam_ws/visual_slam/reference_audit/checkpoint_2_43_native_local_ba_pack_smoke_20260608/run/trajectory_lab_rgbd_run_2.txt
frame_log_file:       /home/kaushik/slam_ws/visual_slam/reference_audit/checkpoint_2_43_native_local_ba_pack_smoke_20260608/run/frame_log_lab_rgbd_run_2.csv
frame_timing_file:    /home/kaushik/slam_ws/visual_slam/reference_audit/checkpoint_2_43_native_local_ba_pack_smoke_20260608/run/frame_timing.csv
map_points_ply:       /home/kaushik/slam_ws/visual_slam/reference_audit/checkpoint_2_43_native_local_ba_pack_smoke_20260608/run/map_points.ply
keyframes_json:       /home/kaushik/slam_ws/visual_slam/reference_audit/checkpoint_2_43_native_local_ba_pack_smoke_20260608/run/keyframes.json
keyframe_graph_json:  /home/kaushik/slam_ws/visual_slam/reference_audit/checkpoint_2_43_native_local_ba_pack_smoke_20260608/run/keyframe_graph.json
effective_config:     /home/kaushik/slam_ws/visual_slam/reference_audit/checkpoint_2_43_native_local_ba_pack_smoke_20260608/run/effective_run_config.json
completed_timestamp:  20260609_002650
standardized_stem:    lab_rgbd__lab_rgbd_run_2__completed_20260609_002650
standardized_summary: /home/kaushik/slam_ws/visual_slam/reference_audit/checkpoint_2_43_native_local_ba_pack_smoke_20260608/run/run_summary__lab_rgbd__lab_rgbd_run_2__completed_20260609_002650.json
local_map_profile:    /home/kaushik/slam_ws/visual_slam/reference_audit/checkpoint_2_43_native_local_ba_pack_smoke_20260608/run/local_map_profile.csv
keyframe_log:         /home/kaushik/slam_ws/visual_slam/reference_audit/checkpoint_2_43_native_local_ba_pack_smoke_20260608/run/keyframe_decision_log.csv
lm_schedule_log:      /home/kaushik/slam_ws/visual_slam/reference_audit/checkpoint_2_43_native_local_ba_pack_smoke_20260608/run/local_mapping_schedule_log.csv
runtime_profile_csv:  /home/kaushik/slam_ws/visual_slam/reference_audit/checkpoint_2_43_native_local_ba_pack_smoke_20260608/run/runtime_profile.csv
runtime_profile_json: /home/kaushik/slam_ws/visual_slam/reference_audit/checkpoint_2_43_native_local_ba_pack_smoke_20260608/run/runtime_profile.json
kf_traj_consistency:  n=11 max=0.0000m median=0.0000m
================================================================================
LocalMapping: background thread stopped
