[run_lab_cpp] USE_CPP_CORE = True  (SIGUSR1 -> thread dump armed)
LocalMapping: background thread started
================================================================================
Final RGB-D ORB-SLAM run
================================================================================
Dataset:             /home/kaushik/slam_ws/datasets/lab_rgbd_run_2
Dataset type:        lab_rgbd
Output:              /home/kaushik/slam_ws/visual_slam/reference_audit/checkpoint_2_41_full_lab_batch_writeback_threaded_20260608/run
Frames loaded:       4494
Camera source:       /home/kaushik/slam_ws/datasets/lab_rgbd_run_2/camera.yaml
Camera intrinsics:   fx=609.883, fy=609.177, cx=324.921, cy=229.748
Image size:          640x480
Depth map factor:    1000.0
Depth factor:        0.001
Baseline (m):        0.08 [default_rgbd_virtual_baseline_0p08m]
Depth threshold:     40.0 [default_th_depth_40]
bf:                  48.790664062480005
Feature backend:     auto
Loop closing:        disabled
Loop cand source:    auto
Global BA:           disabled
LM threading:        enabled (wait=0.5s)
Memory profile:      disabled (cheap)
Runtime profile:     enabled
Local map profile:   enabled
Keyframe profile:    enabled
================================================================================
[0001/4494] idx=00000 state=OK ok=True kf=1 mp=427 tracked=427 ba_mse=NA frame_sec=0.378
local mapping: starting...
local mapping elapsed time: 0.36724185943603516
local mapping: starting...
local mapping elapsed time: 0.46463990211486816
local mapping: starting...
local mapping elapsed time: 0.5801670551300049
local mapping: starting...
local mapping elapsed time: 0.48087167739868164
local mapping: starting...
local mapping elapsed time: 0.41710829734802246
local mapping: starting...
local mapping elapsed time: 0.5583546161651611
local mapping: starting...
local mapping elapsed time: 0.5485341548919678
local mapping: starting...
local mapping elapsed time: 0.49268484115600586
local mapping: starting...
local mapping elapsed time: 0.5848274230957031
local mapping: starting...
LocalMapping: timeout 0.5s reached
local mapping elapsed time: 0.5047156810760498
local mapping: starting...
local mapping elapsed time: 0.4689798355102539
local mapping: starting...
local mapping elapsed time: 0.5147593021392822
local mapping: starting...
LocalMapping: timeout 0.5s reached
local mapping elapsed time: 0.8369650840759277
local mapping: starting...
LocalMapping: timeout 0.5s reached
local mapping elapsed time: 0.9152309894561768
[0301/4494] idx=00300 state=OK ok=True kf=3 mp=1677 tracked=589 ba_mse=0.15950566361584725 frame_sec=0.140
local mapping: starting...
LocalMapping: timeout 0.5s reached
local mapping elapsed time: 0.7844223976135254
local mapping: starting...
LocalMapping: timeout 0.5s reached
local mapping elapsed time: 0.8889222145080566
local mapping: starting...
LocalMapping: timeout 0.5s reached
local mapping elapsed time: 0.6920580863952637
local mapping: starting...
local mapping elapsed time: 0.44392848014831543
local mapping: starting...
local mapping elapsed time: 0.4714059829711914
local mapping: starting...
local mapping elapsed time: 0.42244648933410645
local mapping: starting...
local mapping elapsed time: 0.42240405082702637
local mapping: starting...
local mapping elapsed time: 0.5126290321350098
local mapping: starting...
local mapping elapsed time: 0.5044956207275391
local mapping: starting...
local mapping elapsed time: 0.5209283828735352
local mapping: starting...
LocalMapping: timeout 0.5s reached
local mapping elapsed time: 0.8294637203216553
local mapping: starting...
LocalMapping: timeout 0.5s reached
local mapping elapsed time: 0.8575606346130371
local mapping: starting...
LocalMapping: timeout 0.5s reached
local mapping elapsed time: 0.9346792697906494
local mapping: starting...
LocalMapping: timeout 0.5s reached
local mapping elapsed time: 0.9711189270019531
local mapping: starting...
LocalMapping: timeout 0.5s reached
local mapping elapsed time: 0.9160947799682617
local mapping: starting...
LocalMapping: timeout 0.5s reached
local mapping elapsed time: 0.8931221961975098
[0601/4494] idx=00600 state=OK ok=True kf=11 mp=3776 tracked=127 ba_mse=2.1437270063190224 frame_sec=0.099
local mapping: starting...
LocalMapping: timeout 0.5s reached
local mapping elapsed time: 1.0424528121948242
local mapping: starting...
LocalMapping: timeout 0.5s reached
local mapping elapsed time: 0.939385175704956
local mapping: starting...
LocalMapping: timeout 0.5s reached
local mapping elapsed time: 0.629814624786377
local mapping: starting...
local mapping elapsed time: 0.533806324005127
local mapping: starting...
local mapping elapsed time: 0.31377601623535156
local mapping: starting...
local mapping elapsed time: 0.30286574363708496
local mapping: starting...
local mapping elapsed time: 0.2968132495880127
local mapping: starting...
local mapping elapsed time: 0.4092581272125244
local mapping: starting...
LocalMapping: timeout 0.5s reached
local mapping elapsed time: 0.694782018661499
local mapping: starting...
local mapping elapsed time: 0.4218266010284424
local mapping: starting...
local mapping elapsed time: 0.5642118453979492
local mapping: starting...
local mapping elapsed time: 0.5375127792358398
local mapping: starting...
local mapping elapsed time: 0.5218029022216797
local mapping: starting...
local mapping elapsed time: 0.5427548885345459
local mapping: starting...
LocalMapping: timeout 0.5s reached
local mapping elapsed time: 0.7579288482666016
local mapping: starting...
LocalMapping: timeout 0.5s reached
local mapping elapsed time: 0.8146929740905762
local mapping: starting...
LocalMapping: timeout 0.5s reached
local mapping elapsed time: 0.8906550407409668
local mapping: starting...
LocalMapping: timeout 0.5s reached
local mapping elapsed time: 1.159494400024414
local mapping: starting...
LocalMapping: timeout 0.5s reached
local mapping elapsed time: 1.0083322525024414
local mapping: starting...
LocalMapping: timeout 0.5s reached
local mapping elapsed time: 0.9039068222045898
[0901/4494] idx=00900 state=OK ok=True kf=23 mp=5754 tracked=209 ba_mse=1.4632317353664275 frame_sec=0.110
local mapping: starting...
LocalMapping: timeout 0.5s reached
local mapping elapsed time: 0.9324841499328613
local mapping: starting...
LocalMapping: timeout 0.5s reached
local mapping elapsed time: 0.9951047897338867
local mapping: starting...
LocalMapping: timeout 0.5s reached
local mapping elapsed time: 1.023022174835205
local mapping: starting...
LocalMapping: timeout 0.5s reached
local mapping elapsed time: 1.1170017719268799
local mapping: starting...
LocalMapping: timeout 0.5s reached
local mapping elapsed time: 0.9368259906768799
local mapping: starting...
LocalMapping: timeout 0.5s reached
local mapping elapsed time: 0.8320155143737793
local mapping: starting...
LocalMapping: timeout 0.5s reached
local mapping elapsed time: 0.9062740802764893
local mapping: starting...
local mapping elapsed time: 0.4852902889251709
local mapping: starting...
local mapping elapsed time: 0.26905250549316406
local mapping: starting...
local mapping elapsed time: 0.2922813892364502
local mapping: starting...
local mapping elapsed time: 0.31267690658569336
local mapping: starting...
local mapping elapsed time: 0.3839075565338135
local mapping: starting...
local mapping elapsed time: 0.4655623435974121
local mapping: starting...
LocalMapping: timeout 0.5s reached
local mapping elapsed time: 0.8533310890197754
local mapping: starting...
LocalMapping: timeout 0.5s reached
local mapping elapsed time: 0.5890157222747803
local mapping: starting...
LocalMapping: timeout 0.5s reached
local mapping elapsed time: 0.6858282089233398
local mapping: starting...
LocalMapping: timeout 0.5s reached
local mapping elapsed time: 0.6531245708465576
local mapping: starting...
LocalMapping: timeout 0.5s reached
local mapping elapsed time: 0.6402537822723389
local mapping: starting...
LocalMapping: timeout 0.5s reached
local mapping elapsed time: 0.7810828685760498
[1201/4494] idx=01200 state=OK ok=True kf=37 mp=9181 tracked=160 ba_mse=1.7431372062318675 frame_sec=0.107
local mapping: starting...
LocalMapping: timeout 0.5s reached
local mapping elapsed time: 0.9629852771759033
local mapping: starting...
LocalMapping: timeout 0.5s reached
local mapping elapsed time: 0.8491718769073486
local mapping: starting...
LocalMapping: timeout 0.5s reached
local mapping elapsed time: 0.8207485675811768
local mapping: starting...
LocalMapping: timeout 0.5s reached
local mapping elapsed time: 0.7737140655517578
local mapping: starting...
LocalMapping: timeout 0.5s reached
local mapping elapsed time: 0.7768607139587402
local mapping: starting...
local mapping elapsed time: 0.49489784240722656
local mapping: starting...
local mapping elapsed time: 0.6320774555206299
local mapping: starting...
local mapping elapsed time: 0.6614711284637451
local mapping: starting...
local mapping elapsed time: 0.4448370933532715
local mapping: starting...
local mapping elapsed time: 0.3505227565765381
local mapping: starting...
local mapping elapsed time: 0.4511845111846924
local mapping: starting...
local mapping elapsed time: 0.40740013122558594
local mapping: starting...
local mapping elapsed time: 0.6207771301269531
local mapping: starting...
local mapping elapsed time: 0.535341739654541
local mapping: starting...
local mapping elapsed time: 0.5463979244232178
local mapping: starting...
LocalMapping: timeout 0.5s reached
local mapping elapsed time: 1.0128304958343506
local mapping: starting...
LocalMapping: timeout 0.5s reached
local mapping elapsed time: 1.0520052909851074
local mapping: starting...
LocalMapping: timeout 0.5s reached
local mapping elapsed time: 1.0500390529632568
local mapping: starting...
LocalMapping: timeout 0.5s reached
local mapping elapsed time: 1.078540563583374
[1501/4494] idx=01500 state=OK ok=True kf=49 mp=12830 tracked=165 ba_mse=1.722733718672547 frame_sec=0.135
local mapping: starting...
LocalMapping: timeout 0.5s reached
local mapping elapsed time: 1.1438040733337402
local mapping: starting...
LocalMapping: timeout 0.5s reached
local mapping elapsed time: 1.1110374927520752
local mapping: starting...
LocalMapping: timeout 0.5s reached
local mapping elapsed time: 0.898890495300293
local mapping: starting...
LocalMapping: timeout 0.5s reached
local mapping elapsed time: 1.0506644248962402
local mapping: starting...
local mapping elapsed time: 0.5000014305114746
local mapping: starting...
LocalMapping: timeout 0.5s reached
local mapping elapsed time: 0.6798512935638428
local mapping: starting...
local mapping elapsed time: 0.46505188941955566
local mapping: starting...
local mapping elapsed time: 0.5136065483093262
local mapping: starting...
local mapping elapsed time: 0.5115928649902344
local mapping: starting...
local mapping elapsed time: 0.4209785461425781
local mapping: starting...
local mapping elapsed time: 0.5583724975585938
local mapping: starting...
local mapping elapsed time: 0.4887392520904541
local mapping: starting...
local mapping elapsed time: 0.46041226387023926
local mapping: starting...
local mapping elapsed time: 0.4402194023132324
local mapping: starting...
local mapping elapsed time: 0.40134239196777344
local mapping: starting...
local mapping elapsed time: 0.4220454692840576
local mapping: starting...
local mapping elapsed time: 0.43207263946533203
local mapping: starting...
local mapping elapsed time: 0.475236177444458
local mapping: starting...
local mapping elapsed time: 0.476851224899292
local mapping: starting...
local mapping elapsed time: 0.513786792755127
failure in tracking previous frame, # matched map points: 30
local mapping: starting...
LocalMapping: timeout 0.5s reached
local mapping elapsed time: 0.5379178524017334
local mapping: starting...
local mapping elapsed time: 0.44472622871398926
local mapping: starting...
local mapping elapsed time: 0.5012037754058838
local mapping: starting...
local mapping elapsed time: 0.5924911499023438
local mapping: starting...
local mapping elapsed time: 0.5757391452789307
local mapping: starting...
local mapping elapsed time: 0.531069278717041
local mapping: starting...
local mapping elapsed time: 0.48645853996276855
local mapping: starting...
local mapping elapsed time: 0.360274076461792
local mapping: starting...
local mapping elapsed time: 0.4085237979888916
local mapping: starting...
local mapping elapsed time: 0.47443580627441406
local mapping: starting...
local mapping elapsed time: 0.420107364654541
local mapping: starting...
local mapping elapsed time: 0.38355493545532227
local mapping: starting...
local mapping elapsed time: 0.3343379497528076
local mapping: starting...
local mapping elapsed time: 0.49071669578552246
local mapping: starting...
local mapping elapsed time: 0.5890407562255859
local mapping: starting...
local mapping elapsed time: 0.5956094264984131
local mapping: starting...
local mapping elapsed time: 0.3903491497039795
[1801/4494] idx=01800 state=OK ok=True kf=77 mp=15878 tracked=132 ba_mse=1.785296821651632 frame_sec=0.700
local mapping: starting...
local mapping elapsed time: 0.4674031734466553
local mapping: starting...
local mapping elapsed time: 0.405684232711792
local mapping: starting...
local mapping elapsed time: 0.5968647003173828
local mapping: starting...
LocalMapping: timeout 0.5s reached
local mapping elapsed time: 0.8369889259338379
local mapping: starting...
local mapping elapsed time: 0.6214673519134521
local mapping: starting...
LocalMapping: timeout 0.5s reached
local mapping elapsed time: 0.9521219730377197
local mapping: starting...
LocalMapping: timeout 0.5s reached
local mapping elapsed time: 0.804088830947876
local mapping: starting...
LocalMapping: timeout 0.5s reached
local mapping elapsed time: 0.8527641296386719
local mapping: starting...
LocalMapping: timeout 0.5s reached
local mapping elapsed time: 0.7353765964508057
local mapping: starting...
local mapping elapsed time: 0.5330989360809326
local mapping: starting...
LocalMapping: timeout 0.5s reached
local mapping elapsed time: 0.6151845455169678
local mapping: starting...
local mapping elapsed time: 0.27583789825439453
Relocalizing frame id: 1905...
Relocalization failed
Relocalizing frame id: 1906...
Relocalization failed
Relocalizing frame id: 1907...
Relocalization failed
Relocalizing frame id: 1908...
Relocalization failed
Relocalizing frame id: 1909...
Relocalization failed
Relocalizing frame id: 1910...
Relocalization failed
Relocalizing frame id: 1911...
Relocalization failed
Relocalizing frame id: 1912...
Relocalization failed
Relocalizing frame id: 1913...
Relocalization failed
Relocalizing frame id: 1914...
Relocalization failed
Relocalizing frame id: 1915...
Relocalization failed
Relocalizing frame id: 1916...
Relocalization failed
Relocalizing frame id: 1917...
Relocalization failed
Relocalizing frame id: 1918...
Relocalization failed
Relocalizing frame id: 1919...
Relocalization failed
Relocalizing frame id: 1920...
Relocalization failed
Relocalizing frame id: 1921...
Relocalization failed
Relocalizing frame id: 1922...
Relocalization failed
Relocalizing frame id: 1923...
Relocalization failed
Relocalizing frame id: 1924...
Relocalization failed
Relocalizing frame id: 1925...
Relocalization failed
Relocalizing frame id: 1926...
Relocalization failed
Relocalizing frame id: 1927...
Relocalization failed
Relocalizing frame id: 1928...
Relocalization failed
Relocalizing frame id: 1929...
Relocalization failed
Relocalizing frame id: 1930...
Relocalization failed
Relocalizing frame id: 1931...
Relocalization failed
Relocalizing frame id: 1932...
Relocalization failed
Relocalizing frame id: 1933...
Relocalization failed
Relocalizing frame id: 1934...
Relocalization failed
[recovery] re-initialized from depth at frame 1934 after 30 failed relocalizations
local mapping: starting...
local mapping elapsed time: 0.11171388626098633
local mapping: starting...
local mapping elapsed time: 0.07727336883544922
local mapping: starting...
local mapping elapsed time: 0.11128878593444824
local mapping: starting...
local mapping elapsed time: 0.13307666778564453
local mapping: starting...
local mapping elapsed time: 0.08532929420471191
local mapping: starting...
local mapping elapsed time: 0.14776015281677246
local mapping: starting...
local mapping elapsed time: 0.08848738670349121
local mapping: starting...
local mapping elapsed time: 0.10263800621032715
Relocalizing frame id: 1951...
Relocalization failed
Relocalizing frame id: 1952...
Relocalization failed
Relocalizing frame id: 1953...
Relocalization failed
Relocalizing frame id: 1954...
Relocalization failed
Relocalizing frame id: 1955...
Relocalization failed
Relocalizing frame id: 1956...
Relocalization failed
Relocalizing frame id: 1957...
Relocalization failed
Relocalizing frame id: 1958...
Relocalization failed
Relocalizing frame id: 1959...
Relocalization failed
Relocalizing frame id: 1960...
Relocalization failed
Relocalizing frame id: 1961...
Relocalization failed
Relocalizing frame id: 1962...
Relocalization failed
Relocalizing frame id: 1963...
Relocalization failed
Relocalizing frame id: 1964...
Relocalization failed
Relocalizing frame id: 1965...
Relocalization failed
Relocalizing frame id: 1966...
Relocalization failed
Relocalizing frame id: 1967...
Relocalization failed
Relocalizing frame id: 1968...
Relocalization failed
Relocalizing frame id: 1969...
Relocalization failed
Relocalizing frame id: 1970...
Relocalization failed
Relocalizing frame id: 1971...
Relocalization failed
Relocalizing frame id: 1972...
Relocalization failed
Relocalizing frame id: 1973...
Relocalization successful, frame id 1973 reconnected to keyframe id 1947
Not enough matches in search frame by projection: 17
Not enough matches in search frame by projection: 13
Relocalizing frame id: 1981...
Relocalization failed
Relocalizing frame id: 1982...
Relocalization failed
Relocalizing frame id: 1983...
Relocalization failed
Relocalizing frame id: 1984...
Relocalization failed
Relocalizing frame id: 1985...
Relocalization failed
Relocalizing frame id: 1986...
Relocalization failed
Relocalizing frame id: 1987...
Relocalization failed
Relocalizing frame id: 1988...
Relocalization failed
Relocalizing frame id: 1989...
Relocalization failed
Relocalizing frame id: 1990...
Relocalization failed
Relocalizing frame id: 1991...
Relocalization failed
Relocalizing frame id: 1992...
Relocalization failed
Relocalizing frame id: 1993...
Relocalization failed
Relocalizing frame id: 1994...
Relocalization failed
Relocalizing frame id: 1995...
Relocalization failed
Relocalizing frame id: 1996...
Relocalization failed
Relocalizing frame id: 1997...
Relocalization failed
Relocalizing frame id: 1998...
Relocalization failed
Relocalizing frame id: 1999...
Relocalization failed
Relocalizing frame id: 2000...
Relocalization failed
Relocalizing frame id: 2001...
Relocalization failed
Relocalizing frame id: 2002...
Relocalization failed
Relocalizing frame id: 2003...
Relocalization failed
Relocalizing frame id: 2004...
Relocalization failed
Relocalizing frame id: 2005...
Relocalization failed
Relocalizing frame id: 2006...
Relocalization failed
Relocalizing frame id: 2007...
Relocalization failed
Relocalizing frame id: 2008...
Relocalization failed
Relocalizing frame id: 2009...
Relocalization failed
Relocalizing frame id: 2010...
Relocalization failed
[recovery] re-initialized from depth at frame 2010 after 30 failed relocalizations
local mapping: starting...
local mapping elapsed time: 0.32991981506347656
local mapping: starting...
local mapping elapsed time: 0.6667366027832031
local mapping: starting...
local mapping elapsed time: 0.5364730358123779
local mapping: starting...
local mapping elapsed time: 0.5432066917419434
local mapping: starting...
[2101/4494] idx=02100 state=OK ok=True kf=96 mp=18804 tracked=118 ba_mse=1.5875731113583913 frame_sec=0.366
local mapping elapsed time: 0.5973742008209229
local mapping: starting...
local mapping elapsed time: 0.55706787109375
local mapping: starting...
LocalMapping: timeout 0.5s reached
local mapping elapsed time: 0.6210711002349854
local mapping: starting...
LocalMapping: timeout 0.5s reached
local mapping elapsed time: 0.8014733791351318
local mapping: starting...
LocalMapping: timeout 0.5s reached
local mapping elapsed time: 0.7729675769805908
local mapping: starting...
LocalMapping: timeout 0.5s reached
local mapping elapsed time: 0.7560381889343262
local mapping: starting...
local mapping elapsed time: 0.5561022758483887
local mapping: starting...
local mapping elapsed time: 0.503546953201294
local mapping: starting...
local mapping elapsed time: 0.3522658348083496
local mapping: starting...
local mapping elapsed time: 0.33803844451904297
local mapping: starting...
local mapping elapsed time: 0.6756706237792969
LocalMapping: timeout 0.5s reached
local mapping: starting...
local mapping elapsed time: 0.4372875690460205
local mapping: starting...
local mapping elapsed time: 0.4262573719024658
local mapping: starting...
local mapping elapsed time: 0.44197797775268555
local mapping: starting...
LocalMapping: timeout 0.5s reached
local mapping elapsed time: 0.8800973892211914
local mapping: starting...
LocalMapping: timeout 0.5s reached
local mapping elapsed time: 0.9212815761566162
local mapping: starting...
LocalMapping: timeout 0.5s reached
local mapping elapsed time: 0.8316433429718018
local mapping: starting...
LocalMapping: timeout 0.5s reached
local mapping elapsed time: 0.7224137783050537
local mapping: starting...
LocalMapping: timeout 0.5s reached
local mapping elapsed time: 0.6776320934295654
[2401/4494] idx=02400 state=OK ok=True kf=109 mp=21375 tracked=315 ba_mse=1.1070919296352866 frame_sec=0.163
local mapping: starting...
LocalMapping: timeout 0.5s reached
local mapping elapsed time: 0.8515095710754395
local mapping: starting...
LocalMapping: timeout 0.5s reached
local mapping elapsed time: 0.749821662902832
local mapping: starting...
LocalMapping: timeout 0.5s reached
local mapping elapsed time: 0.6457066535949707
local mapping: starting...
LocalMapping: timeout 0.5s reached
local mapping elapsed time: 0.8636777400970459
local mapping: starting...
local mapping elapsed time: 0.6130082607269287
local mapping: starting...
LocalMapping: timeout 0.5s reached
local mapping elapsed time: 0.8096141815185547
local mapping: starting...
LocalMapping: timeout 0.5s reached
local mapping elapsed time: 0.7008669376373291
local mapping: starting...
LocalMapping: timeout 0.5s reached
local mapping elapsed time: 0.8310492038726807
local mapping: starting...
LocalMapping: timeout 0.5s reached
local mapping elapsed time: 0.957573413848877
local mapping: starting...
LocalMapping: timeout 0.5s reached
local mapping elapsed time: 0.7315447330474854
local mapping: starting...
LocalMapping: timeout 0.5s reached
local mapping elapsed time: 0.88478684425354
local mapping: starting...
LocalMapping: timeout 0.5s reached
local mapping elapsed time: 0.985342264175415
local mapping: starting...
LocalMapping: timeout 0.5s reached
local mapping elapsed time: 1.0502631664276123
local mapping: starting...
LocalMapping: timeout 0.5s reached
local mapping elapsed time: 0.9588980674743652
local mapping: starting...
LocalMapping: timeout 0.5s reached
local mapping elapsed time: 0.9102387428283691
local mapping: starting...
LocalMapping: timeout 0.5s reached
local mapping elapsed time: 1.0092768669128418
[2701/4494] idx=02700 state=OK ok=True kf=115 mp=23223 tracked=216 ba_mse=1.7959415117217379 frame_sec=0.166
local mapping: starting...
LocalMapping: timeout 0.5s reached
local mapping elapsed time: 0.8965067863464355
local mapping: starting...
LocalMapping: timeout 0.5s reached
local mapping elapsed time: 0.9453222751617432
local mapping: starting...
LocalMapping: timeout 0.5s reached
local mapping elapsed time: 1.0848476886749268
local mapping: starting...
local mapping elapsed time: 0.5263111591339111
local mapping: starting...
local mapping elapsed time: 0.49777889251708984
local mapping: starting...
local mapping elapsed time: 0.3802940845489502
local mapping: starting...
local mapping elapsed time: 0.5571126937866211
local mapping: starting...
LocalMapping: timeout 0.5s reached
local mapping elapsed time: 0.6925997734069824
local mapping: starting...
local mapping elapsed time: 0.5031149387359619
local mapping: starting...
local mapping elapsed time: 0.44190287590026855
local mapping: starting...
local mapping elapsed time: 0.5179479122161865
local mapping: starting...
local mapping elapsed time: 0.4676170349121094
local mapping: starting...
local mapping elapsed time: 0.5771059989929199
local mapping: starting...
local mapping elapsed time: 0.5426995754241943
local mapping: starting...
local mapping elapsed time: 0.41740942001342773
local mapping: starting...
local mapping elapsed time: 0.40523576736450195
local mapping: starting...
local mapping elapsed time: 0.3810892105102539
local mapping: starting...
local mapping elapsed time: 0.5149972438812256
local mapping: starting...
local mapping elapsed time: 0.41715431213378906
local mapping: starting...
local mapping elapsed time: 0.39382052421569824
local mapping: starting...
local mapping elapsed time: 0.40220141410827637
local mapping: starting...
local mapping elapsed time: 0.4268810749053955
local mapping: starting...
local mapping elapsed time: 0.5820887088775635
local mapping: starting...
local mapping elapsed time: 0.4311800003051758
local mapping: starting...
local mapping elapsed time: 0.42551112174987793
local mapping: starting...
local mapping elapsed time: 0.4847414493560791
local mapping: starting...
local mapping elapsed time: 0.5767343044281006
local mapping: starting...
local mapping elapsed time: 0.5707862377166748
local mapping: starting...
local mapping elapsed time: 0.30523681640625
local mapping: starting...
local mapping elapsed time: 0.33487677574157715
local mapping: starting...
local mapping elapsed time: 0.44253063201904297
local mapping: starting...
local mapping elapsed time: 0.569025993347168
local mapping: starting...
local mapping elapsed time: 0.5553786754608154
local mapping: starting...
local mapping elapsed time: 0.4177243709564209
local mapping: starting...
local mapping elapsed time: 0.613055944442749
[3001/4494] idx=03000 state=OK ok=True kf=141 mp=26488 tracked=155 ba_mse=1.7792122354539364 frame_sec=0.161
local mapping: starting...
LocalMapping: timeout 0.5s reached
local mapping elapsed time: 0.9397642612457275
local mapping: starting...
LocalMapping: timeout 0.5s reached
local mapping elapsed time: 0.7397282123565674
local mapping: starting...
LocalMapping: timeout 0.5s reached
local mapping elapsed time: 0.7883532047271729
local mapping: starting...
LocalMapping: timeout 0.5s reached
local mapping elapsed time: 0.6581244468688965
local mapping: starting...
local mapping elapsed time: 0.5844945907592773
local mapping: starting...
LocalMapping: timeout 0.5s reached
local mapping elapsed time: 0.765667200088501
local mapping: starting...
LocalMapping: timeout 0.5s reached
local mapping elapsed time: 0.7586455345153809
local mapping: starting...
LocalMapping: timeout 0.5s reached
local mapping elapsed time: 1.0088388919830322
local mapping: starting...
LocalMapping: timeout 0.5s reached
local mapping elapsed time: 0.9321277141571045
local mapping: starting...
LocalMapping: timeout 0.5s reached
local mapping elapsed time: 0.9677994251251221
local mapping: starting...
LocalMapping: timeout 0.5s reached
local mapping elapsed time: 0.9596405029296875
local mapping: starting...
LocalMapping: timeout 0.5s reached
local mapping elapsed time: 1.0786216259002686
local mapping: starting...
LocalMapping: timeout 0.5s reached
local mapping elapsed time: 0.7932538986206055
local mapping: starting...
LocalMapping: timeout 0.5s reached
local mapping elapsed time: 0.7857401371002197
local mapping: starting...
LocalMapping: timeout 0.5s reached
local mapping elapsed time: 0.7901244163513184
local mapping: starting...
LocalMapping: timeout 0.5s reached
local mapping elapsed time: 0.8091614246368408
[3301/4494] idx=03300 state=OK ok=True kf=155 mp=29957 tracked=301 ba_mse=0.972532572368734 frame_sec=0.248
local mapping: starting...
LocalMapping: timeout 0.5s reached
local mapping elapsed time: 0.7574713230133057
local mapping: starting...
LocalMapping: timeout 0.5s reached
local mapping elapsed time: 1.2848024368286133
local mapping: starting...
LocalMapping: timeout 0.5s reached
local mapping elapsed time: 1.1714146137237549
local mapping: starting...
LocalMapping: timeout 0.5s reached
local mapping elapsed time: 1.2313575744628906
local mapping: starting...
LocalMapping: timeout 0.5s reached
local mapping elapsed time: 1.4528932571411133
local mapping: starting...
LocalMapping: timeout 0.5s reached
LocalMapping: timeout 0.5s reached
local mapping elapsed time: 1.384995937347412
local mapping: starting...
LocalMapping: timeout 0.5s reached
LocalMapping: timeout 0.5s reached
local mapping elapsed time: 1.7160427570343018
local mapping: starting...
LocalMapping: timeout 0.5s reached
local mapping elapsed time: 1.430609941482544
local mapping: starting...
LocalMapping: timeout 0.5s reached
LocalMapping: timeout 0.5s reached
local mapping elapsed time: 1.8313968181610107
local mapping: starting...
LocalMapping: timeout 0.5s reached
local mapping elapsed time: 1.2329328060150146
local mapping: starting...
LocalMapping: timeout 0.5s reached
local mapping elapsed time: 1.205439567565918
local mapping: starting...
LocalMapping: timeout 0.5s reached
local mapping elapsed time: 0.9551098346710205
local mapping: starting...
LocalMapping: timeout 0.5s reached
local mapping elapsed time: 0.7115499973297119
local mapping: starting...
LocalMapping: timeout 0.5s reached
local mapping elapsed time: 0.7809865474700928
local mapping: starting...
LocalMapping: timeout 0.5s reached
local mapping elapsed time: 0.8687272071838379
[3601/4494] idx=03600 state=OK ok=True kf=164 mp=31891 tracked=263 ba_mse=1.1105924915641352 frame_sec=0.120
local mapping: starting...
LocalMapping: timeout 0.5s reached
local mapping elapsed time: 0.6947805881500244
local mapping: starting...
LocalMapping: timeout 0.5s reached
local mapping elapsed time: 0.8262460231781006
local mapping: starting...
LocalMapping: timeout 0.5s reached
local mapping elapsed time: 1.0396971702575684
local mapping: starting...
LocalMapping: timeout 0.5s reached
local mapping elapsed time: 0.9877967834472656
local mapping: starting...
LocalMapping: timeout 0.5s reached
local mapping elapsed time: 0.8791670799255371
local mapping: starting...
LocalMapping: timeout 0.5s reached
local mapping elapsed time: 0.8582444190979004
local mapping: starting...
LocalMapping: timeout 0.5s reached
local mapping elapsed time: 1.0077121257781982
local mapping: starting...
LocalMapping: timeout 0.5s reached
local mapping elapsed time: 0.8363094329833984
local mapping: starting...
LocalMapping: timeout 0.5s reached
local mapping elapsed time: 0.8093061447143555
local mapping: starting...
LocalMapping: timeout 0.5s reached
local mapping elapsed time: 0.7263438701629639
local mapping: starting...
LocalMapping: timeout 0.5s reached
local mapping elapsed time: 0.689039945602417
local mapping: starting...
LocalMapping: timeout 0.5s reached
local mapping elapsed time: 0.9209306240081787
local mapping: starting...
local mapping elapsed time: 0.4523921012878418
local mapping: starting...
local mapping elapsed time: 0.2599151134490967
local mapping: starting...
local mapping elapsed time: 0.2796452045440674
local mapping: starting...
local mapping elapsed time: 0.2848668098449707
local mapping: starting...
local mapping elapsed time: 0.3912808895111084
local mapping: starting...
local mapping elapsed time: 0.30991220474243164
local mapping: starting...
local mapping elapsed time: 0.4222583770751953
local mapping: starting...
local mapping elapsed time: 0.36944103240966797
local mapping: starting...
local mapping elapsed time: 0.389873743057251
local mapping: starting...
local mapping elapsed time: 0.5187258720397949
local mapping: starting...
local mapping elapsed time: 0.37900304794311523
local mapping: starting...
local mapping elapsed time: 0.43950486183166504
local mapping: starting...
local mapping elapsed time: 0.49365830421447754
local mapping: starting...
local mapping elapsed time: 0.6010031700134277
local mapping: starting...
local mapping elapsed time: 0.5621075630187988
local mapping: starting...
local mapping elapsed time: 0.4528317451477051
local mapping: starting...
local mapping elapsed time: 0.48767948150634766
local mapping: starting...
local mapping elapsed time: 0.49096250534057617
local mapping: starting...
local mapping elapsed time: 0.46588587760925293
local mapping: starting...
local mapping elapsed time: 0.5031278133392334
local mapping: starting...
local mapping elapsed time: 0.426189661026001
local mapping: starting...
local mapping elapsed time: 0.4376077651977539
local mapping: starting...
local mapping elapsed time: 0.447678804397583
local mapping: starting...
local mapping elapsed time: 0.3736116886138916
local mapping: starting...
local mapping elapsed time: 0.41747069358825684
local mapping: starting...
local mapping elapsed time: 0.3772563934326172
local mapping: starting...
local mapping elapsed time: 0.399141788482666
local mapping: starting...
local mapping elapsed time: 0.3570542335510254
local mapping: starting...
local mapping elapsed time: 0.30098795890808105
local mapping: starting...
local mapping elapsed time: 0.356250524520874
local mapping: starting...
local mapping elapsed time: 0.28605151176452637
local mapping: starting...
local mapping elapsed time: 0.2820899486541748
local mapping: starting...
local mapping elapsed time: 0.3149569034576416
local mapping: starting...
local mapping elapsed time: 0.35474133491516113
local mapping: starting...
local mapping elapsed time: 0.3548622131347656
local mapping: starting...
local mapping elapsed time: 0.31936073303222656
local mapping: starting...
local mapping elapsed time: 0.3005197048187256
local mapping: starting...
local mapping elapsed time: 0.2718813419342041
local mapping: starting...
local mapping elapsed time: 0.2963242530822754
[3901/4494] idx=03900 state=OK ok=True kf=187 mp=33231 tracked=161 ba_mse=1.4537643265813578 frame_sec=0.097
local mapping: starting...
local mapping elapsed time: 0.3555305004119873
local mapping: starting...
local mapping elapsed time: 0.26528286933898926
local mapping: starting...
local mapping elapsed time: 0.5054042339324951
local mapping: starting...
local mapping elapsed time: 0.4598827362060547
local mapping: starting...
local mapping elapsed time: 0.3986930847167969
local mapping: starting...
local mapping elapsed time: 0.5470061302185059
local mapping: starting...
local mapping elapsed time: 0.3783242702484131
local mapping: starting...
local mapping elapsed time: 0.5376427173614502
local mapping: starting...
local mapping elapsed time: 0.6673309803009033
local mapping: starting...
LocalMapping: timeout 0.5s reached
local mapping elapsed time: 0.7526583671569824
local mapping: starting...
LocalMapping: timeout 0.5s reached
local mapping elapsed time: 0.8967015743255615
local mapping: starting...
LocalMapping: timeout 0.5s reached
local mapping elapsed time: 0.851184606552124
local mapping: starting...
LocalMapping: timeout 0.5s reached
local mapping elapsed time: 0.7099766731262207
local mapping: starting...
LocalMapping: timeout 0.5s reached
local mapping elapsed time: 0.8122119903564453
local mapping: starting...
LocalMapping: timeout 0.5s reached
local mapping elapsed time: 0.9109959602355957
local mapping: starting...
LocalMapping: timeout 0.5s reached
local mapping elapsed time: 1.1044766902923584
[4201/4494] idx=04200 state=OK ok=True kf=199 mp=35838 tracked=360 ba_mse=0.9754716318647918 frame_sec=0.232
local mapping: starting...
LocalMapping: timeout 0.5s reached
local mapping elapsed time: 1.2311022281646729
local mapping: starting...
LocalMapping: timeout 0.5s reached
local mapping elapsed time: 0.9897623062133789
local mapping: starting...
LocalMapping: timeout 0.5s reached
local mapping elapsed time: 0.8776998519897461
local mapping: starting...
LocalMapping: timeout 0.5s reached
local mapping elapsed time: 0.9119255542755127
local mapping: starting...
LocalMapping: timeout 0.5s reached
local mapping elapsed time: 1.1747782230377197
local mapping: starting...
LocalMapping: timeout 0.5s reached
LocalMapping: timeout 0.5s reached
local mapping elapsed time: 1.8686797618865967
local mapping: starting...
LocalMapping: timeout 0.5s reached
LocalMapping: timeout 0.5s reached
local mapping elapsed time: 1.7586746215820312
local mapping: starting...
LocalMapping: timeout 0.5s reached
LocalMapping: timeout 0.5s reached
local mapping elapsed time: 1.6027390956878662
local mapping: starting...
LocalMapping: timeout 0.5s reached
LocalMapping: timeout 0.5s reached
local mapping elapsed time: 1.6215178966522217
local mapping: starting...
LocalMapping: timeout 0.5s reached
LocalMapping: timeout 0.5s reached
local mapping elapsed time: 1.9041404724121094
local mapping: starting...
LocalMapping: timeout 0.5s reached
LocalMapping: timeout 0.5s reached
local mapping elapsed time: 1.5993328094482422
local mapping: starting...
LocalMapping: timeout 0.5s reached
LocalMapping: timeout 0.5s reached
local mapping elapsed time: 1.7301044464111328
local mapping: starting...
LocalMapping: timeout 0.5s reached
LocalMapping: timeout 0.5s reached
local mapping elapsed time: 1.8498108386993408
local mapping: starting...
LocalMapping: timeout 0.5s reached
LocalMapping: timeout 0.5s reached
local mapping elapsed time: 1.6193888187408447
local mapping: starting...
LocalMapping: timeout 0.5s reached
LocalMapping: timeout 0.5s reached
local mapping elapsed time: 1.8410844802856445
[4494/4494] idx=04493 state=OK ok=True kf=202 mp=36277 tracked=566 ba_mse=0.40276370858462995 frame_sec=0.163
LocalMapping: background thread stopped
================================================================================
RUN SUMMARY
================================================================================
frames_attempted:     4494
tracking_ok_count:    4411
tracking_lost_count:  83
errors:               0
final_state:          OK
keyframes:            202
map_points:           36277
trajectory_poses:     4411
elapsed_sec:          616.430
avg_fps:              7.29
trajectory_file:      /home/kaushik/slam_ws/visual_slam/reference_audit/checkpoint_2_41_full_lab_batch_writeback_threaded_20260608/run/trajectory_lab_rgbd_run_2.txt
frame_log_file:       /home/kaushik/slam_ws/visual_slam/reference_audit/checkpoint_2_41_full_lab_batch_writeback_threaded_20260608/run/frame_log_lab_rgbd_run_2.csv
frame_timing_file:    /home/kaushik/slam_ws/visual_slam/reference_audit/checkpoint_2_41_full_lab_batch_writeback_threaded_20260608/run/frame_timing.csv
map_points_ply:       /home/kaushik/slam_ws/visual_slam/reference_audit/checkpoint_2_41_full_lab_batch_writeback_threaded_20260608/run/map_points.ply
keyframes_json:       /home/kaushik/slam_ws/visual_slam/reference_audit/checkpoint_2_41_full_lab_batch_writeback_threaded_20260608/run/keyframes.json
keyframe_graph_json:  /home/kaushik/slam_ws/visual_slam/reference_audit/checkpoint_2_41_full_lab_batch_writeback_threaded_20260608/run/keyframe_graph.json
effective_config:     /home/kaushik/slam_ws/visual_slam/reference_audit/checkpoint_2_41_full_lab_batch_writeback_threaded_20260608/run/effective_run_config.json
completed_timestamp:  20260608_230133
standardized_stem:    lab_rgbd__lab_rgbd_run_2__completed_20260608_230133
standardized_summary: /home/kaushik/slam_ws/visual_slam/reference_audit/checkpoint_2_41_full_lab_batch_writeback_threaded_20260608/run/run_summary__lab_rgbd__lab_rgbd_run_2__completed_20260608_230133.json
local_map_profile:    /home/kaushik/slam_ws/visual_slam/reference_audit/checkpoint_2_41_full_lab_batch_writeback_threaded_20260608/run/local_map_profile.csv
keyframe_log:         /home/kaushik/slam_ws/visual_slam/reference_audit/checkpoint_2_41_full_lab_batch_writeback_threaded_20260608/run/keyframe_decision_log.csv
lm_schedule_log:      /home/kaushik/slam_ws/visual_slam/reference_audit/checkpoint_2_41_full_lab_batch_writeback_threaded_20260608/run/local_mapping_schedule_log.csv
runtime_profile_csv:  /home/kaushik/slam_ws/visual_slam/reference_audit/checkpoint_2_41_full_lab_batch_writeback_threaded_20260608/run/runtime_profile.csv
runtime_profile_json: /home/kaushik/slam_ws/visual_slam/reference_audit/checkpoint_2_41_full_lab_batch_writeback_threaded_20260608/run/runtime_profile.json
kf_traj_consistency:  n=202 max=0.0000m median=0.0000m
================================================================================
LocalMapping: background thread stopped
